[    0.000000] Linux version 6.9.2-arch1-1 (linux@archlinux) (gcc (GCC) 14.1.1 20240522, GNU ld (GNU Binutils) 2.42.0) #1 SMP PREEMPT_DYNAMIC Sun, 26 May 2024 01:30:29 +0000
[    0.000000] Command line: BOOT_IMAGE=/boot/vmlinuz-linux root=UUID=4ca6d7d2-4dbc-45cd-9801-eab1062ec8c3 rw quiet resume=UUID=ba83102f-c967-426a-8ff2-dec3c70d1b73 loglevel=3 audit=0 nvme_load=yes
[    0.000000] BIOS-provided physical RAM map:
[    0.000000] BIOS-e820: [mem 0x0000000000000000-0x000000000009ffff] usable
[    0.000000] BIOS-e820: [mem 0x00000000000a0000-0x00000000000fffff] reserved
[    0.000000] BIOS-e820: [mem 0x0000000000100000-0x0000000009ecffff] usable
[    0.000000] BIOS-e820: [mem 0x0000000009ed0000-0x0000000009ffffff] reserved
[    0.000000] BIOS-e820: [mem 0x000000000a000000-0x000000000a1fffff] usable
[    0.000000] BIOS-e820: [mem 0x000000000a200000-0x000000000a20afff] ACPI NVS
[    0.000000] BIOS-e820: [mem 0x000000000a20b000-0x00000000d8056fff] usable
[    0.000000] BIOS-e820: [mem 0x00000000d8057000-0x00000000d8153fff] reserved
[    0.000000] BIOS-e820: [mem 0x00000000d8154000-0x00000000d81dafff] ACPI data
[    0.000000] BIOS-e820: [mem 0x00000000d81db000-0x00000000d8402fff] ACPI NVS
[    0.000000] BIOS-e820: [mem 0x00000000d8403000-0x00000000dda39fff] reserved
[    0.000000] BIOS-e820: [mem 0x00000000dda3a000-0x00000000deffffff] usable
[    0.000000] BIOS-e820: [mem 0x00000000df000000-0x00000000dfffffff] reserved
[    0.000000] BIOS-e820: [mem 0x00000000f8000000-0x00000000fbffffff] reserved
[    0.000000] BIOS-e820: [mem 0x00000000fd000000-0x00000000ffffffff] reserved
[    0.000000] BIOS-e820: [mem 0x0000000100000000-0x000000039effffff] usable
[    0.000000] BIOS-e820: [mem 0x000000039f000000-0x000000041effffff] reserved
[    0.000000] BIOS-e820: [mem 0x000000041f000000-0x000000041f33ffff] usable
[    0.000000] BIOS-e820: [mem 0x000000041f340000-0x000000041fffffff] reserved
[    0.000000] NX (Execute Disable) protection: active
[    0.000000] APIC: Static calls initialized
[    0.000000] e820: update [mem 0xd4f5e018-0xd4f6b457] usable ==> usable
[    0.000000] extended physical RAM map:
[    0.000000] reserve setup_data: [mem 0x0000000000000000-0x000000000009ffff] usable
[    0.000000] reserve setup_data: [mem 0x00000000000a0000-0x00000000000fffff] reserved
[    0.000000] reserve setup_data: [mem 0x0000000000100000-0x0000000009ecffff] usable
[    0.000000] reserve setup_data: [mem 0x0000000009ed0000-0x0000000009ffffff] reserved
[    0.000000] reserve setup_data: [mem 0x000000000a000000-0x000000000a1fffff] usable
[    0.000000] reserve setup_data: [mem 0x000000000a200000-0x000000000a20afff] ACPI NVS
[    0.000000] reserve setup_data: [mem 0x000000000a20b000-0x00000000d4f5e017] usable
[    0.000000] reserve setup_data: [mem 0x00000000d4f5e018-0x00000000d4f6b457] usable
[    0.000000] reserve setup_data: [mem 0x00000000d4f6b458-0x00000000d8056fff] usable
[    0.000000] reserve setup_data: [mem 0x00000000d8057000-0x00000000d8153fff] reserved
[    0.000000] reserve setup_data: [mem 0x00000000d8154000-0x00000000d81dafff] ACPI data
[    0.000000] reserve setup_data: [mem 0x00000000d81db000-0x00000000d8402fff] ACPI NVS
[    0.000000] reserve setup_data: [mem 0x00000000d8403000-0x00000000dda39fff] reserved
[    0.000000] reserve setup_data: [mem 0x00000000dda3a000-0x00000000deffffff] usable
[    0.000000] reserve setup_data: [mem 0x00000000df000000-0x00000000dfffffff] reserved
[    0.000000] reserve setup_data: [mem 0x00000000f8000000-0x00000000fbffffff] reserved
[    0.000000] reserve setup_data: [mem 0x00000000fd000000-0x00000000ffffffff] reserved
[    0.000000] reserve setup_data: [mem 0x0000000100000000-0x000000039effffff] usable
[    0.000000] reserve setup_data: [mem 0x000000039f000000-0x000000041effffff] reserved
[    0.000000] reserve setup_data: [mem 0x000000041f000000-0x000000041f33ffff] usable
[    0.000000] reserve setup_data: [mem 0x000000041f340000-0x000000041fffffff] reserved
[    0.000000] efi: EFI v2.7 by American Megatrends
[    0.000000] efi: TPMFinalLog=0xd83ba000 ACPI 2.0=0xd8177000 ACPI=0xd8177000 SMBIOS=0xdd86c000 SMBIOS 3.0=0xdd86b000 MEMATTR=0xd6e71018 ESRT=0xd6e7e918 INITRD=0xd6e57418 RNG=0xd816e018 TPMEventLog=0xd6c56018 
[    0.000000] random: crng init done
[    0.000000] efi: Remove mem267: MMIO range=[0xf8000000-0xfbffffff] (64MB) from e820 map
[    0.000000] e820: remove [mem 0xf8000000-0xfbffffff] reserved
[    0.000000] efi: Remove mem268: MMIO range=[0xfd000000-0xffffffff] (48MB) from e820 map
[    0.000000] e820: remove [mem 0xfd000000-0xffffffff] reserved
[    0.000000] SMBIOS 3.2.0 present.
[    0.000000] DMI: HP HP Laptop 14-fq0xxx/87B7, BIOS F.51 08/12/2021
[    0.000000] tsc: Fast TSC calibration using PIT
[    0.000000] tsc: Detected 2395.422 MHz processor
[    0.000223] e820: update [mem 0x00000000-0x00000fff] usable ==> reserved
[    0.000227] e820: remove [mem 0x000a0000-0x000fffff] usable
[    0.000238] last_pfn = 0x41f340 max_arch_pfn = 0x400000000
[    0.000247] MTRR map: 5 entries (3 fixed + 2 variable; max 20), built from 9 variable MTRRs
[    0.000249] x86/PAT: Configuration [0-7]: WB  WC  UC- UC  WB  WP  UC- WT  
[    0.000509] e820: update [mem 0xe0000000-0xffffffff] usable ==> reserved
[    0.000519] last_pfn = 0xdf000 max_arch_pfn = 0x400000000
[    0.005064] esrt: Reserving ESRT space from 0x00000000d6e7e918 to 0x00000000d6e7e950.
[    0.005078] e820: update [mem 0xd6e7e000-0xd6e7efff] usable ==> reserved
[    0.005124] Using GB pages for direct mapping
[    0.005689] Secure boot disabled
[    0.005690] RAMDISK: [mem 0xcf02a000-0xd10f7fff]
[    0.005868] ACPI: Early table checksum verification disabled
[    0.005871] ACPI: RSDP 0x00000000D8177000 000024 (v02 HPQOEM)
[    0.005876] ACPI: XSDT 0x00000000D81770A8 0000D4 (v01 HPQOEM SLIC-MPC 01072009 HP   00010013)
[    0.005882] ACPI: FACP 0x00000000D818C5C8 000114 (v06 HPQOEM SLIC-MPC 01072009 HP   00010013)
[    0.005887] ACPI: DSDT 0x00000000D8177210 0153B4 (v02 HPQOEM 87B7     01072009 ACPI 20120913)
[    0.005891] ACPI: FACS 0x00000000D83B9D80 000040
[    0.005894] ACPI: APIC 0x00000000D818C6E0 0000DE (v03 HPQOEM 87B7     01072009 HP   00010013)
[    0.005897] ACPI: FPDT 0x00000000D818C7C0 000044 (v01 HPQOEM 87B7     01072009 HP   00010013)
[    0.005900] ACPI: FIDT 0x00000000D818C808 00009C (v01 HPQOEM 87B7     01072009 HP   00010013)
[    0.005903] ACPI: SSDT 0x00000000D818C8A8 005472 (v02 HPQOEM 87B7     00000002 ACPI 02000002)
[    0.005907] ACPI: MCFG 0x00000000D8191D20 00003C (v01 HPQOEM 87B7     01072009 HP   00010013)
[    0.005910] ACPI: MSDM 0x00000000D8191D60 000055 (v03 HPQOEM SLIC-MPC 00000001 HP   00010013)
[    0.005913] ACPI: HPET 0x00000000D8191DB8 000038 (v01 HPQOEM 87B7     01072009 HP   00000005)
[    0.005916] ACPI: UEFI 0x00000000D8191DF0 000042 (v01 HPQOEM 87B7     00000002 HP   01000013)
[    0.005919] ACPI: VFCT 0x00000000D8191E38 00D484 (v01 HPQOEM 87B7     00000001 HP   31504F47)
[    0.005922] ACPI: SSDT 0x00000000D819F2C0 000050 (v01 HPQOEM 87B7     00000001 ACPI 20120913)
[    0.005925] ACPI: TPM2 0x00000000D819F310 00004C (v04 HPQOEM 87B7     00000001 HP   00000000)
[    0.005928] ACPI: IVRS 0x00000000D819F360 00013E (v02 HPQOEM 87B7     00000001 HP   00000000)
[    0.005931] ACPI: SSDT 0x00000000D819F4A0 0008E0 (v01 HPQOEM 87B7     00000001 ACPI 00000001)
[    0.005934] ACPI: CRAT 0x00000000D819FD80 000490 (v01 HPQOEM 87B7     00000001 HP   00000001)
[    0.005938] ACPI: CDIT 0x00000000D81A0210 000029 (v01 HPQOEM 87B7     00000001 HP   00000001)
[    0.005941] ACPI: SSDT 0x00000000D81A0240 000C77 (v01 HPQOEM 87B7     00000001 ACPI 20120913)
[    0.005944] ACPI: SSDT 0x00000000D81A0EB8 0010A5 (v01 HPQOEM 87B7     00000001 ACPI 20120913)
[    0.005947] ACPI: SSDT 0x00000000D81A1F60 002369 (v01 HPQOEM 87B7     00000001 ACPI 20120913)
[    0.005950] ACPI: WSMT 0x00000000D81A42D0 000028 (v01 HPQOEM 87B7     01072009 HP   00010013)
[    0.005953] ACPI: SSDT 0x00000000D81A42F8 0002FE (v01 HPQOEM 87B7     00000001 ACPI 20120913)
[    0.005956] ACPI: BGRT 0x00000000D81A45F8 000038 (v01 HPQOEM 87B7     01072009 HP   00010013)
[    0.005958] ACPI: Reserving FACP table memory at [mem 0xd818c5c8-0xd818c6db]
[    0.005960] ACPI: Reserving DSDT table memory at [mem 0xd8177210-0xd818c5c3]
[    0.005961] ACPI: Reserving FACS table memory at [mem 0xd83b9d80-0xd83b9dbf]
[    0.005962] ACPI: Reserving APIC table memory at [mem 0xd818c6e0-0xd818c7bd]
[    0.005964] ACPI: Reserving FPDT table memory at [mem 0xd818c7c0-0xd818c803]
[    0.005965] ACPI: Reserving FIDT table memory at [mem 0xd818c808-0xd818c8a3]
[    0.005966] ACPI: Reserving SSDT table memory at [mem 0xd818c8a8-0xd8191d19]
[    0.005967] ACPI: Reserving MCFG table memory at [mem 0xd8191d20-0xd8191d5b]
[    0.005968] ACPI: Reserving MSDM table memory at [mem 0xd8191d60-0xd8191db4]
[    0.005968] ACPI: Reserving HPET table memory at [mem 0xd8191db8-0xd8191def]
[    0.005969] ACPI: Reserving UEFI table memory at [mem 0xd8191df0-0xd8191e31]
[    0.005970] ACPI: Reserving VFCT table memory at [mem 0xd8191e38-0xd819f2bb]
[    0.005971] ACPI: Reserving SSDT table memory at [mem 0xd819f2c0-0xd819f30f]
[    0.005972] ACPI: Reserving TPM2 table memory at [mem 0xd819f310-0xd819f35b]
[    0.005973] ACPI: Reserving IVRS table memory at [mem 0xd819f360-0xd819f49d]
[    0.005974] ACPI: Reserving SSDT table memory at [mem 0xd819f4a0-0xd819fd7f]
[    0.005975] ACPI: Reserving CRAT table memory at [mem 0xd819fd80-0xd81a020f]
[    0.005976] ACPI: Reserving CDIT table memory at [mem 0xd81a0210-0xd81a0238]
[    0.005977] ACPI: Reserving SSDT table memory at [mem 0xd81a0240-0xd81a0eb6]
[    0.005978] ACPI: Reserving SSDT table memory at [mem 0xd81a0eb8-0xd81a1f5c]
[    0.005979] ACPI: Reserving SSDT table memory at [mem 0xd81a1f60-0xd81a42c8]
[    0.005980] ACPI: Reserving WSMT table memory at [mem 0xd81a42d0-0xd81a42f7]
[    0.005981] ACPI: Reserving SSDT table memory at [mem 0xd81a42f8-0xd81a45f5]
[    0.005982] ACPI: Reserving BGRT table memory at [mem 0xd81a45f8-0xd81a462f]
[    0.006047] No NUMA configuration found
[    0.006049] Faking a node at [mem 0x0000000000000000-0x000000041f33ffff]
[    0.006052] NODE_DATA(0) allocated [mem 0x41f33b000-0x41f33ffff]
[    0.006088] Zone ranges:
[    0.006088]   DMA      [mem 0x0000000000001000-0x0000000000ffffff]
[    0.006090]   DMA32    [mem 0x0000000001000000-0x00000000ffffffff]
[    0.006092]   Normal   [mem 0x0000000100000000-0x000000041f33ffff]
[    0.006093]   Device   empty
[    0.006095] Movable zone start for each node
[    0.006095] Early memory node ranges
[    0.006096]   node   0: [mem 0x0000000000001000-0x000000000009ffff]
[    0.006098]   node   0: [mem 0x0000000000100000-0x0000000009ecffff]
[    0.006100]   node   0: [mem 0x000000000a000000-0x000000000a1fffff]
[    0.006101]   node   0: [mem 0x000000000a20b000-0x00000000d8056fff]
[    0.006103]   node   0: [mem 0x00000000dda3a000-0x00000000deffffff]
[    0.006104]   node   0: [mem 0x0000000100000000-0x000000039effffff]
[    0.006106]   node   0: [mem 0x000000041f000000-0x000000041f33ffff]
[    0.006108] Initmem setup node 0 [mem 0x0000000000001000-0x000000041f33ffff]
[    0.006113] On node 0, zone DMA: 1 pages in unavailable ranges
[    0.006139] On node 0, zone DMA: 96 pages in unavailable ranges
[    0.006371] On node 0, zone DMA32: 304 pages in unavailable ranges
[    0.013983] On node 0, zone DMA32: 11 pages in unavailable ranges
[    0.014309] On node 0, zone DMA32: 23011 pages in unavailable ranges
[    0.039969] On node 0, zone Normal: 4096 pages in unavailable ranges
[    0.040362] On node 0, zone Normal: 32768 pages in unavailable ranges
[    0.040400] On node 0, zone Normal: 3264 pages in unavailable ranges
[    0.040533] ACPI: PM-Timer IO Port: 0x808
[    0.040540] CPU topo: Ignoring hot-pluggable APIC ID 0 in present package.
[    0.040545] ACPI: LAPIC_NMI (acpi_id[0xff] high edge lint[0x1])
[    0.040561] IOAPIC[0]: apic_id 5, version 33, address 0xfec00000, GSI 0-23
[    0.040569] IOAPIC[1]: apic_id 6, version 33, address 0xfec01000, GSI 24-55
[    0.040571] ACPI: INT_SRC_OVR (bus 0 bus_irq 0 global_irq 2 dfl dfl)
[    0.040573] ACPI: INT_SRC_OVR (bus 0 bus_irq 9 global_irq 9 low level)
[    0.040577] ACPI: Using ACPI (MADT) for SMP configuration information
[    0.040578] ACPI: HPET id: 0x10228201 base: 0xfed00000
[    0.040597] e820: update [mem 0xd5491000-0xd549afff] usable ==> reserved
[    0.040617] CPU topo: Max. logical packages:   1
[    0.040618] CPU topo: Max. logical dies:       1
[    0.040619] CPU topo: Max. dies per package:   1
[    0.040625] CPU topo: Max. threads per core:   2
[    0.040626] CPU topo: Num. cores per package:     2
[    0.040627] CPU topo: Num. threads per package:   4
[    0.040628] CPU topo: Allowing 4 present CPUs plus 0 hotplug CPUs
[    0.040628] CPU topo: Rejected CPUs 12
[    0.040646] PM: hibernation: Registered nosave memory: [mem 0x00000000-0x00000fff]
[    0.040649] PM: hibernation: Registered nosave memory: [mem 0x000a0000-0x000fffff]
[    0.040650] PM: hibernation: Registered nosave memory: [mem 0x09ed0000-0x09ffffff]
[    0.040652] PM: hibernation: Registered nosave memory: [mem 0x0a200000-0x0a20afff]
[    0.040655] PM: hibernation: Registered nosave memory: [mem 0xd4f5e000-0xd4f5efff]
[    0.040657] PM: hibernation: Registered nosave memory: [mem 0xd4f6b000-0xd4f6bfff]
[    0.040659] PM: hibernation: Registered nosave memory: [mem 0xd5491000-0xd549afff]
[    0.040662] PM: hibernation: Registered nosave memory: [mem 0xd6e7e000-0xd6e7efff]
[    0.040664] PM: hibernation: Registered nosave memory: [mem 0xd8057000-0xd8153fff]
[    0.040664] PM: hibernation: Registered nosave memory: [mem 0xd8154000-0xd81dafff]
[    0.040665] PM: hibernation: Registered nosave memory: [mem 0xd81db000-0xd8402fff]
[    0.040666] PM: hibernation: Registered nosave memory: [mem 0xd8403000-0xdda39fff]
[    0.040668] PM: hibernation: Registered nosave memory: [mem 0xdf000000-0xdfffffff]
[    0.040669] PM: hibernation: Registered nosave memory: [mem 0xe0000000-0xffffffff]
[    0.040671] PM: hibernation: Registered nosave memory: [mem 0x39f000000-0x41effffff]
[    0.040673] [mem 0xe0000000-0xffffffff] available for PCI devices
[    0.040674] Booting paravirtualized kernel on bare hardware
[    0.040677] clocksource: refined-jiffies: mask: 0xffffffff max_cycles: 0xffffffff, max_idle_ns: 6370452778343963 ns
[    0.046361] setup_percpu: NR_CPUS:320 nr_cpumask_bits:4 nr_cpu_ids:4 nr_node_ids:1
[    0.046712] percpu: Embedded 66 pages/cpu s233472 r8192 d28672 u524288
[    0.046719] pcpu-alloc: s233472 r8192 d28672 u524288 alloc=1*2097152
[    0.046721] pcpu-alloc: [0] 0 1 2 3 
[    0.046743] Kernel command line: BOOT_IMAGE=/boot/vmlinuz-linux root=UUID=4ca6d7d2-4dbc-45cd-9801-eab1062ec8c3 rw quiet resume=UUID=ba83102f-c967-426a-8ff2-dec3c70d1b73 loglevel=3 audit=0 nvme_load=yes
[    0.046827] audit: disabled (until reboot)
[    0.046844] Unknown kernel command line parameters "BOOT_IMAGE=/boot/vmlinuz-linux nvme_load=yes", will be passed to user space.
[    0.048847] Dentry cache hash table entries: 2097152 (order: 12, 16777216 bytes, linear)
[    0.049929] Inode-cache hash table entries: 1048576 (order: 11, 8388608 bytes, linear)
[    0.049976] Fallback order for Node 0: 0 
[    0.049980] Built 1 zonelists, mobility grouping on.  Total pages: 3582209
[    0.049982] Policy zone: Normal
[    0.050297] mem auto-init: stack:all(zero), heap alloc:on, heap free:off
[    0.050347] software IO TLB: area num 4.
[    0.098472] Memory: 14076696K/14556932K available (18432K kernel code, 2164K rwdata, 13296K rodata, 3412K init, 3624K bss, 479976K reserved, 0K cma-reserved)
[    0.098716] SLUB: HWalign=64, Order=0-3, MinObjects=0, CPUs=4, Nodes=1
[    0.098756] ftrace: allocating 49852 entries in 195 pages
[    0.107037] ftrace: allocated 195 pages with 4 groups
[    0.107120] Dynamic Preempt: full
[    0.107164] rcu: Preemptible hierarchical RCU implementation.
[    0.107164] rcu: 	RCU restricting CPUs from NR_CPUS=320 to nr_cpu_ids=4.
[    0.107166] rcu: 	RCU priority boosting: priority 1 delay 500 ms.
[    0.107167] 	Trampoline variant of Tasks RCU enabled.
[    0.107167] 	Rude variant of Tasks RCU enabled.
[    0.107168] 	Tracing variant of Tasks RCU enabled.
[    0.107169] rcu: RCU calculated value of scheduler-enlistment delay is 30 jiffies.
[    0.107169] rcu: Adjusting geometry for rcu_fanout_leaf=16, nr_cpu_ids=4
[    0.107176] RCU Tasks: Setting shift to 2 and lim to 1 rcu_task_cb_adjust=1.
[    0.107178] RCU Tasks Rude: Setting shift to 2 and lim to 1 rcu_task_cb_adjust=1.
[    0.107180] RCU Tasks Trace: Setting shift to 2 and lim to 1 rcu_task_cb_adjust=1.
[    0.111421] NR_IRQS: 20736, nr_irqs: 1000, preallocated irqs: 16
[    0.111637] rcu: srcu_init: Setting srcu_struct sizes based on contention.
[    0.111754] kfence: initialized - using 2097152 bytes for 255 objects at 0x(____ptrval____)-0x(____ptrval____)
[    0.111784] Console: colour dummy device 80x25
[    0.111786] printk: legacy console [tty0] enabled
[    0.111832] ACPI: Core revision 20230628
[    0.112026] clocksource: hpet: mask: 0xffffffff max_cycles: 0xffffffff, max_idle_ns: 133484873504 ns
[    0.112054] APIC: Switch to symmetric I/O mode setup
[    0.113306] AMD-Vi: ivrs, add hid:PNP0D40, uid:, rdevid:152
[    0.113308] AMD-Vi: Using global IVHD EFR:0x4f77ef22294ada, EFR2:0x0
[    0.114665] ..TIMER: vector=0x30 apic1=0 pin1=2 apic2=-1 pin2=-1
[    0.128728] clocksource: tsc-early: mask: 0xffffffffffffffff max_cycles: 0x228752a4c30, max_idle_ns: 440795249269 ns
[    0.128738] Calibrating delay loop (skipped), value calculated using timer frequency.. 4792.46 BogoMIPS (lpj=7984740)
[    0.128756] AMD Zen1 DIV0 bug detected. Disable SMT for full protection.
[    0.128809] LVT offset 1 assigned for vector 0xf9
[    0.128894] LVT offset 2 assigned for vector 0xf4
[    0.128917] Last level iTLB entries: 4KB 1024, 2MB 1024, 4MB 512
[    0.128919] Last level dTLB entries: 4KB 1536, 2MB 1536, 4MB 768, 1GB 0
[    0.128923] process: using mwait in idle threads
[    0.128926] Spectre V1 : Mitigation: usercopy/swapgs barriers and __user pointer sanitization
[    0.128929] Spectre V2 : Mitigation: Retpolines
[    0.128930] Spectre V2 : Spectre v2 / SpectreRSB mitigation: Filling RSB on context switch
[    0.128931] Spectre V2 : Spectre v2 / SpectreRSB : Filling RSB on VMEXIT
[    0.128932] Spectre V2 : Enabling Speculation Barrier for firmware calls
[    0.128933] RETBleed: Mitigation: untrained return thunk
[    0.128935] Spectre V2 : mitigation: Enabling conditional Indirect Branch Prediction Barrier
[    0.128938] Speculative Store Bypass: Mitigation: Speculative Store Bypass disabled via prctl
[    0.128939] Speculative Return Stack Overflow: Mitigation: Safe RET
[    0.128946] x86/fpu: Supporting XSAVE feature 0x001: 'x87 floating point registers'
[    0.128948] x86/fpu: Supporting XSAVE feature 0x002: 'SSE registers'
[    0.128949] x86/fpu: Supporting XSAVE feature 0x004: 'AVX registers'
[    0.128951] x86/fpu: xstate_offset[2]:  576, xstate_sizes[2]:  256
[    0.128953] x86/fpu: Enabled xstate features 0x7, context size is 832 bytes, using 'compacted' format.
[    0.155929] Freeing SMP alternatives memory: 40K
[    0.155935] pid_max: default: 32768 minimum: 301
[    0.160861] LSM: initializing lsm=capability,landlock,lockdown,yama,bpf
[    0.160904] landlock: Up and running.
[    0.160906] Yama: becoming mindful.
[    0.160914] LSM support for eBPF active
[    0.160967] Mount-cache hash table entries: 32768 (order: 6, 262144 bytes, linear)
[    0.160993] Mountpoint-cache hash table entries: 32768 (order: 6, 262144 bytes, linear)
[    0.269629] smpboot: CPU0: AMD Athlon Gold 3150U with Radeon Graphics (family: 0x17, model: 0x18, stepping: 0x1)
[    0.269954] Performance Events: Fam17h+ core perfctr, AMD PMU driver.
[    0.269965] ... version:                0
[    0.269967] ... bit width:              48
[    0.269969] ... generic registers:      6
[    0.269970] ... value mask:             0000ffffffffffff
[    0.269973] ... max period:             00007fffffffffff
[    0.269975] ... fixed-purpose events:   0
[    0.269977] ... event mask:             000000000000003f
[    0.270114] signal: max sigframe size: 1776
[    0.270405] rcu: Hierarchical SRCU implementation.
[    0.270407] rcu: 	Max phase no-delay instances is 1000.
[    0.273069] MCE: In-kernel MCE decoding enabled.
[    0.273135] NMI watchdog: Enabled. Permanently consumes one hw-PMU counter.
[    0.273195] smp: Bringing up secondary CPUs ...
[    0.273345] smpboot: x86: Booting SMP configuration:
[    0.273347] .... node  #0, CPUs:      #2 #1 #3
[    0.278790] smp: Brought up 1 node, 4 CPUs
[    0.278790] smpboot: Total of 4 processors activated (19171.85 BogoMIPS)
[    0.282151] devtmpfs: initialized
[    0.282151] x86/mm: Memory block size: 128MB
[    0.284260] ACPI: PM: Registering ACPI NVS region [mem 0x0a200000-0x0a20afff] (45056 bytes)
[    0.284260] ACPI: PM: Registering ACPI NVS region [mem 0xd81db000-0xd8402fff] (2260992 bytes)
[    0.284260] clocksource: jiffies: mask: 0xffffffff max_cycles: 0xffffffff, max_idle_ns: 6370867519511994 ns
[    0.284260] futex hash table entries: 1024 (order: 4, 65536 bytes, linear)
[    0.284260] pinctrl core: initialized pinctrl subsystem
[    0.284260] PM: RTC time: 21:19:13, date: 2024-05-29
[    0.285419] NET: Registered PF_NETLINK/PF_ROUTE protocol family
[    0.285876] DMA: preallocated 2048 KiB GFP_KERNEL pool for atomic allocations
[    0.286144] DMA: preallocated 2048 KiB GFP_KERNEL|GFP_DMA pool for atomic allocations
[    0.286408] DMA: preallocated 2048 KiB GFP_KERNEL|GFP_DMA32 pool for atomic allocations
[    0.286611] thermal_sys: Registered thermal governor 'fair_share'
[    0.286613] thermal_sys: Registered thermal governor 'bang_bang'
[    0.286615] thermal_sys: Registered thermal governor 'step_wise'
[    0.286617] thermal_sys: Registered thermal governor 'user_space'
[    0.286618] thermal_sys: Registered thermal governor 'power_allocator'
[    0.286635] cpuidle: using governor ladder
[    0.286635] cpuidle: using governor menu
[    0.286635] ACPI FADT declares the system doesn't support PCIe ASPM, so disable it
[    0.286635] acpiphp: ACPI Hot Plug PCI Controller Driver version: 0.5
[    0.286635] PCI: ECAM [mem 0xf8000000-0xfbffffff] (base 0xf8000000) for domain 0000 [bus 00-3f]
[    0.286635] PCI: not using ECAM ([mem 0xf8000000-0xfbffffff] not reserved)
[    0.286635] PCI: Using configuration type 1 for base access
[    0.286635] PCI: Using configuration type 1 for extended access
[    0.286635] kprobes: kprobe jump-optimization is enabled. All kprobes are optimized if possible.
[    0.288772] HugeTLB: registered 1.00 GiB page size, pre-allocated 0 pages
[    0.288772] HugeTLB: 16380 KiB vmemmap can be freed for a 1.00 GiB page
[    0.288772] HugeTLB: registered 2.00 MiB page size, pre-allocated 0 pages
[    0.288772] HugeTLB: 28 KiB vmemmap can be freed for a 2.00 MiB page
[    0.288804] Demotion targets for Node 0: null
[    0.288879] ACPI: Added _OSI(Module Device)
[    0.288882] ACPI: Added _OSI(Processor Device)
[    0.288884] ACPI: Added _OSI(3.0 _SCP Extensions)
[    0.288886] ACPI: Added _OSI(Processor Aggregator Device)
[    0.322935] ACPI: 8 ACPI AML tables successfully acquired and loaded
[    0.326183] ACPI: [Firmware Bug]: BIOS _OSI(Linux) query ignored
[    0.332134] ACPI: _OSC evaluation for CPUs failed, trying _PDC
[    0.332927] ACPI: EC: EC started
[    0.332929] ACPI: EC: interrupt blocked
[    1.138820] ACPI: EC: EC_CMD/EC_SC=0x66, EC_DATA=0x62
[    1.138826] ACPI: \_SB_.PCI0.SBRG.EC0_: Boot DSDT EC used to handle transactions
[    1.138830] ACPI: Interpreter enabled
[    1.138864] ACPI: PM: (supports S0 S3 S4 S5)
[    1.138868] ACPI: Using IOAPIC for interrupt routing
[    1.140775] PCI: ECAM [mem 0xf8000000-0xfbffffff] (base 0xf8000000) for domain 0000 [bus 00-3f]
[    1.140873] PCI: ECAM [mem 0xf8000000-0xfbffffff] reserved as ACPI motherboard resource
[    1.140888] PCI: Using host bridge windows from ACPI; if necessary, use "pci=nocrs" and report a bug
[    1.140890] PCI: Using E820 reservations for host bridge windows
[    1.141623] ACPI: Enabled 2 GPEs in block 00 to 1F
[    1.171750] ACPI: PCI Root Bridge [PCI0] (domain 0000 [bus 00-ff])
[    1.171759] acpi PNP0A08:00: _OSC: OS supports [ExtendedConfig ASPM ClockPM Segments MSI EDR HPX-Type3]
[    1.171959] acpi PNP0A08:00: _OSC: platform does not support [SHPCHotplug LTR DPC]
[    1.172330] acpi PNP0A08:00: _OSC: OS now controls [PCIeHotplug PME AER PCIeCapability]
[    1.172333] acpi PNP0A08:00: FADT indicates ASPM is unsupported, using BIOS configuration
[    1.172348] acpi PNP0A08:00: [Firmware Info]: ECAM [mem 0xf8000000-0xfbffffff] for domain 0000 [bus 00-3f] only partially covers this bridge
[    1.173137] PCI host bridge to bus 0000:00
[    1.173141] pci_bus 0000:00: root bus resource [io  0x0000-0x03af window]
[    1.173144] pci_bus 0000:00: root bus resource [io  0x03e0-0x0cf7 window]
[    1.173147] pci_bus 0000:00: root bus resource [io  0x03b0-0x03df window]
[    1.173150] pci_bus 0000:00: root bus resource [io  0x0d00-0xffff window]
[    1.173153] pci_bus 0000:00: root bus resource [mem 0x000a0000-0x000dffff window]
[    1.173156] pci_bus 0000:00: root bus resource [mem 0xe0000000-0xfebfffff window]
[    1.173158] pci_bus 0000:00: root bus resource [mem 0xfee00000-0xffffffff window]
[    1.173161] pci_bus 0000:00: root bus resource [bus 00-ff]
[    1.173184] pci 0000:00:00.0: [1022:15d0] type 00 class 0x060000 conventional PCI endpoint
[    1.173346] pci 0000:00:00.2: [1022:15d1] type 00 class 0x080600 conventional PCI endpoint
[    1.173499] pci 0000:00:01.0: [1022:1452] type 00 class 0x060000 conventional PCI endpoint
[    1.173597] pci 0000:00:01.2: [1022:15d3] type 01 class 0x060400 PCIe Root Port
[    1.173621] pci 0000:00:01.2: PCI bridge to [bus 01]
[    1.173629] pci 0000:00:01.2:   bridge window [mem 0xfcf00000-0xfcffffff]
[    1.173646] pci 0000:00:01.2: enabling Extended Tags
[    1.173705] pci 0000:00:01.2: PME# supported from D0 D3hot D3cold
[    1.173896] pci 0000:00:01.6: [1022:15d3] type 01 class 0x060400 PCIe Root Port
[    1.173920] pci 0000:00:01.6: PCI bridge to [bus 02]
[    1.173926] pci 0000:00:01.6:   bridge window [io  0xf000-0xffff]
[    1.173930] pci 0000:00:01.6:   bridge window [mem 0xfce00000-0xfcefffff]
[    1.173947] pci 0000:00:01.6: enabling Extended Tags
[    1.174005] pci 0000:00:01.6: PME# supported from D0 D3hot D3cold
[    1.174178] pci 0000:00:01.7: [1022:15d3] type 01 class 0x060400 PCIe Root Port
[    1.174203] pci 0000:00:01.7: PCI bridge to [bus 03]
[    1.174225] pci 0000:00:01.7: enabling Extended Tags
[    1.174284] pci 0000:00:01.7: PME# supported from D0 D3hot D3cold
[    1.174462] pci 0000:00:08.0: [1022:1452] type 00 class 0x060000 conventional PCI endpoint
[    1.174565] pci 0000:00:08.1: [1022:15db] type 01 class 0x060400 PCIe Root Port
[    1.174591] pci 0000:00:08.1: PCI bridge to [bus 04]
[    1.174597] pci 0000:00:08.1:   bridge window [io  0xe000-0xefff]
[    1.174601] pci 0000:00:08.1:   bridge window [mem 0xfcb00000-0xfcdfffff]
[    1.174611] pci 0000:00:08.1:   bridge window [mem 0xe0000000-0xf01fffff 64bit pref]
[    1.174622] pci 0000:00:08.1: enabling Extended Tags
[    1.174675] pci 0000:00:08.1: PME# supported from D0 D3hot D3cold
[    1.174908] pci 0000:00:14.0: [1022:790b] type 00 class 0x0c0500 conventional PCI endpoint
[    1.175086] pci 0000:00:14.3: [1022:790e] type 00 class 0x060100 conventional PCI endpoint
[    1.175276] pci 0000:00:18.0: [1022:15e8] type 00 class 0x060000 conventional PCI endpoint
[    1.175334] pci 0000:00:18.1: [1022:15e9] type 00 class 0x060000 conventional PCI endpoint
[    1.175390] pci 0000:00:18.2: [1022:15ea] type 00 class 0x060000 conventional PCI endpoint
[    1.175449] pci 0000:00:18.3: [1022:15eb] type 00 class 0x060000 conventional PCI endpoint
[    1.175506] pci 0000:00:18.4: [1022:15ec] type 00 class 0x060000 conventional PCI endpoint
[    1.175561] pci 0000:00:18.5: [1022:15ed] type 00 class 0x060000 conventional PCI endpoint
[    1.175615] pci 0000:00:18.6: [1022:15ee] type 00 class 0x060000 conventional PCI endpoint
[    1.175669] pci 0000:00:18.7: [1022:15ef] type 00 class 0x060000 conventional PCI endpoint
[    1.175868] pci 0000:01:00.0: [1c5c:174a] type 00 class 0x010802 PCIe Endpoint
[    1.175888] pci 0000:01:00.0: BAR 0 [mem 0xfcf00000-0xfcf03fff 64bit]
[    1.175898] pci 0000:01:00.0: BAR 2 [mem 0xfcf05000-0xfcf05fff]
[    1.175907] pci 0000:01:00.0: BAR 3 [mem 0xfcf04000-0xfcf04fff]
[    1.176083] pci 0000:01:00.0: 15.752 Gb/s available PCIe bandwidth, limited by 8.0 GT/s PCIe x2 link at 0000:00:01.2 (capable of 31.504 Gb/s with 8.0 GT/s PCIe x4 link)
[    1.176228] pci 0000:00:01.2: PCI bridge to [bus 01]
[    1.176317] pci 0000:02:00.0: [10ec:c822] type 00 class 0x028000 PCIe Endpoint
[    1.176339] pci 0000:02:00.0: BAR 0 [io  0xf000-0xf0ff]
[    1.176366] pci 0000:02:00.0: BAR 2 [mem 0xfce00000-0xfce0ffff 64bit]
[    1.176503] pci 0000:02:00.0: supports D1 D2
[    1.176506] pci 0000:02:00.0: PME# supported from D0 D1 D2 D3hot D3cold
[    1.176773] pci 0000:00:01.6: PCI bridge to [bus 02]
[    1.176845] pci 0000:00:01.7: PCI bridge to [bus 03]
[    1.176997] pci 0000:04:00.0: [1002:15d8] type 00 class 0x030000 PCIe Legacy Endpoint
[    1.177018] pci 0000:04:00.0: BAR 0 [mem 0xe0000000-0xefffffff 64bit pref]
[    1.177032] pci 0000:04:00.0: BAR 2 [mem 0xf0000000-0xf01fffff 64bit pref]
[    1.177041] pci 0000:04:00.0: BAR 4 [io  0xe000-0xe0ff]
[    1.177050] pci 0000:04:00.0: BAR 5 [mem 0xfcd00000-0xfcd7ffff]
[    1.177065] pci 0000:04:00.0: enabling Extended Tags
[    1.177157] pci 0000:04:00.0: PME# supported from D1 D2 D3hot D3cold
[    1.177360] pci 0000:04:00.1: [1002:15de] type 00 class 0x040300 PCIe Legacy Endpoint
[    1.177374] pci 0000:04:00.1: BAR 0 [mem 0xfcdc8000-0xfcdcbfff]
[    1.177410] pci 0000:04:00.1: enabling Extended Tags
[    1.177462] pci 0000:04:00.1: PME# supported from D1 D2 D3hot D3cold
[    1.177591] pci 0000:04:00.2: [1022:15df] type 00 class 0x108000 PCIe Endpoint
[    1.177614] pci 0000:04:00.2: BAR 2 [mem 0xfcc00000-0xfccfffff]
[    1.177630] pci 0000:04:00.2: BAR 5 [mem 0xfcdcc000-0xfcdcdfff]
[    1.177643] pci 0000:04:00.2: enabling Extended Tags
[    1.177815] pci 0000:04:00.3: [1022:15e5] type 00 class 0x0c0330 PCIe Endpoint
[    1.177834] pci 0000:04:00.3: BAR 0 [mem 0xfcb00000-0xfcbfffff 64bit]
[    1.177875] pci 0000:04:00.3: enabling Extended Tags
[    1.177930] pci 0000:04:00.3: PME# supported from D0 D3hot D3cold
[    1.178083] pci 0000:04:00.5: [1022:15e2] type 00 class 0x048000 PCIe Endpoint
[    1.178097] pci 0000:04:00.5: BAR 0 [mem 0xfcd80000-0xfcdbffff]
[    1.178135] pci 0000:04:00.5: enabling Extended Tags
[    1.178188] pci 0000:04:00.5: PME# supported from D0 D3hot D3cold
[    1.178308] pci 0000:04:00.6: [1022:15e3] type 00 class 0x040300 PCIe Endpoint
[    1.178321] pci 0000:04:00.6: BAR 0 [mem 0xfcdc0000-0xfcdc7fff]
[    1.178357] pci 0000:04:00.6: enabling Extended Tags
[    1.178411] pci 0000:04:00.6: PME# supported from D0 D3hot D3cold
[    1.178551] pci 0000:00:08.1: PCI bridge to [bus 04]
[    1.179525] ACPI: PCI: Interrupt link LNKA configured for IRQ 0
[    1.179635] ACPI: PCI: Interrupt link LNKB configured for IRQ 0
[    1.179734] ACPI: PCI: Interrupt link LNKC configured for IRQ 0
[    1.179852] ACPI: PCI: Interrupt link LNKD configured for IRQ 0
[    1.179960] ACPI: PCI: Interrupt link LNKE configured for IRQ 0
[    1.180048] ACPI: PCI: Interrupt link LNKF configured for IRQ 0
[    1.180143] ACPI: PCI: Interrupt link LNKG configured for IRQ 0
[    1.180234] ACPI: PCI: Interrupt link LNKH configured for IRQ 0
[    1.185353] ACPI: EC: interrupt unblocked
[    1.185355] ACPI: EC: event unblocked
[    1.185361] ACPI: EC: EC_CMD/EC_SC=0x66, EC_DATA=0x62
[    1.185363] ACPI: EC: GPE=0x14
[    1.185365] ACPI: \_SB_.PCI0.SBRG.EC0_: Boot DSDT EC initialization complete
[    1.185368] ACPI: \_SB_.PCI0.SBRG.EC0_: EC: Used to handle transactions and events
[    1.185465] iommu: Default domain type: Translated
[    1.185465] iommu: DMA domain TLB invalidation policy: lazy mode
[    1.185759] SCSI subsystem initialized
[    1.185773] libata version 3.00 loaded.
[    1.185773] ACPI: bus type USB registered
[    1.185773] usbcore: registered new interface driver usbfs
[    1.185773] usbcore: registered new interface driver hub
[    1.185773] usbcore: registered new device driver usb
[    1.196414] EDAC MC: Ver: 3.0.0
[    1.198779] efivars: Registered efivars operations
[    1.199048] NetLabel: Initializing
[    1.199050] NetLabel:  domain hash size = 128
[    1.199052] NetLabel:  protocols = UNLABELED CIPSOv4 CALIPSO
[    1.199078] NetLabel:  unlabeled traffic allowed by default
[    1.199088] mctp: management component transport protocol core
[    1.199091] NET: Registered PF_MCTP protocol family
[    1.199097] PCI: Using ACPI for IRQ routing
[    1.200692] PCI: pci_cache_line_size set to 64 bytes
[    1.200692] e820: reserve RAM buffer [mem 0x09ed0000-0x0bffffff]
[    1.200692] e820: reserve RAM buffer [mem 0x0a200000-0x0bffffff]
[    1.200692] e820: reserve RAM buffer [mem 0xd4f5e018-0xd7ffffff]
[    1.200692] e820: reserve RAM buffer [mem 0xd5491000-0xd7ffffff]
[    1.200692] e820: reserve RAM buffer [mem 0xd6e7e000-0xd7ffffff]
[    1.200692] e820: reserve RAM buffer [mem 0xd8057000-0xdbffffff]
[    1.200692] e820: reserve RAM buffer [mem 0xdf000000-0xdfffffff]
[    1.200692] e820: reserve RAM buffer [mem 0x39f000000-0x39fffffff]
[    1.200692] e820: reserve RAM buffer [mem 0x41f340000-0x41fffffff]
[    1.202095] pci 0000:04:00.0: vgaarb: setting as boot VGA device
[    1.202095] pci 0000:04:00.0: vgaarb: bridge control possible
[    1.202095] pci 0000:04:00.0: vgaarb: VGA device added: decodes=io+mem,owns=none,locks=none
[    1.202095] vgaarb: loaded
[    1.202178] hpet0: at MMIO 0xfed00000, IRQs 2, 8, 0
[    1.202186] hpet0: 3 comparators, 32-bit 14.318180 MHz counter
[    1.204295] clocksource: Switched to clocksource tsc-early
[    1.204306] VFS: Disk quotas dquot_6.6.0
[    1.204306] VFS: Dquot-cache hash table entries: 512 (order 0, 4096 bytes)
[    1.204306] pnp: PnP ACPI init
[    1.204306] system 00:00: [mem 0xf8000000-0xfbffffff] has been reserved
[    1.204698] system 00:03: [io  0x04d0-0x04d1] has been reserved
[    1.204703] system 00:03: [io  0x040b] has been reserved
[    1.204707] system 00:03: [io  0x04d6] has been reserved
[    1.204710] system 00:03: [io  0x0c00-0x0c01] has been reserved
[    1.204712] system 00:03: [io  0x0c14] has been reserved
[    1.204715] system 00:03: [io  0x0c50-0x0c51] has been reserved
[    1.204718] system 00:03: [io  0x0c52] has been reserved
[    1.204720] system 00:03: [io  0x0c6c] has been reserved
[    1.204723] system 00:03: [io  0x0c6f] has been reserved
[    1.204725] system 00:03: [io  0x0cd0-0x0cd1] has been reserved
[    1.204728] system 00:03: [io  0x0cd2-0x0cd3] has been reserved
[    1.204731] system 00:03: [io  0x0cd4-0x0cd5] has been reserved
[    1.204733] system 00:03: [io  0x0cd6-0x0cd7] has been reserved
[    1.204736] system 00:03: [io  0x0cd8-0x0cdf] has been reserved
[    1.204739] system 00:03: [io  0x0800-0x089f] has been reserved
[    1.204741] system 00:03: [io  0x0b00-0x0b0f] has been reserved
[    1.204744] system 00:03: [io  0x0b20-0x0b3f] has been reserved
[    1.204746] system 00:03: [io  0x0900-0x090f] has been reserved
[    1.204749] system 00:03: [io  0x0910-0x091f] has been reserved
[    1.204752] system 00:03: [mem 0xfec00000-0xfec00fff] could not be reserved
[    1.204755] system 00:03: [mem 0xfec01000-0xfec01fff] could not be reserved
[    1.204759] system 00:03: [mem 0xfedc0000-0xfedc0fff] has been reserved
[    1.204762] system 00:03: [mem 0xfee00000-0xfee00fff] has been reserved
[    1.204765] system 00:03: [mem 0xfed80000-0xfed8ffff] could not be reserved
[    1.204768] system 00:03: [mem 0xfec10000-0xfec10fff] has been reserved
[    1.204771] system 00:03: [mem 0xff000000-0xffffffff] has been reserved
[    1.207330] pnp: PnP ACPI: found 4 devices
[    1.213970] clocksource: acpi_pm: mask: 0xffffff max_cycles: 0xffffff, max_idle_ns: 2085701024 ns
[    1.214080] NET: Registered PF_INET protocol family
[    1.214442] IP idents hash table entries: 262144 (order: 9, 2097152 bytes, linear)
[    1.234454] tcp_listen_portaddr_hash hash table entries: 8192 (order: 5, 131072 bytes, linear)
[    1.234508] Table-perturb hash table entries: 65536 (order: 6, 262144 bytes, linear)
[    1.234588] TCP established hash table entries: 131072 (order: 8, 1048576 bytes, linear)
[    1.234897] TCP bind hash table entries: 65536 (order: 9, 2097152 bytes, linear)
[    1.235036] TCP: Hash tables configured (established 131072 bind 65536)
[    1.235164] MPTCP token hash table entries: 16384 (order: 6, 393216 bytes, linear)
[    1.235230] UDP hash table entries: 8192 (order: 6, 262144 bytes, linear)
[    1.235286] UDP-Lite hash table entries: 8192 (order: 6, 262144 bytes, linear)
[    1.235360] NET: Registered PF_UNIX/PF_LOCAL protocol family
[    1.235376] NET: Registered PF_XDP protocol family
[    1.235387] pci 0000:00:01.7: bridge window [io  0x1000-0x0fff] to [bus 03] add_size 1000
[    1.235393] pci 0000:00:01.7: bridge window [mem 0x00100000-0x000fffff 64bit pref] to [bus 03] add_size 200000 add_align 100000
[    1.235397] pci 0000:00:01.7: bridge window [mem 0x00100000-0x000fffff] to [bus 03] add_size 200000 add_align 100000
[    1.235408] pci 0000:00:01.7: bridge window [mem 0xf0200000-0xf03fffff]: assigned
[    1.235413] pci 0000:00:01.7: bridge window [mem 0xf0400000-0xf05fffff 64bit pref]: assigned
[    1.235418] pci 0000:00:01.7: bridge window [io  0x1000-0x1fff]: assigned
[    1.235423] pci 0000:00:01.2: PCI bridge to [bus 01]
[    1.235429] pci 0000:00:01.2:   bridge window [mem 0xfcf00000-0xfcffffff]
[    1.235437] pci 0000:00:01.6: PCI bridge to [bus 02]
[    1.235440] pci 0000:00:01.6:   bridge window [io  0xf000-0xffff]
[    1.235445] pci 0000:00:01.6:   bridge window [mem 0xfce00000-0xfcefffff]
[    1.235453] pci 0000:00:01.7: PCI bridge to [bus 03]
[    1.235456] pci 0000:00:01.7:   bridge window [io  0x1000-0x1fff]
[    1.235461] pci 0000:00:01.7:   bridge window [mem 0xf0200000-0xf03fffff]
[    1.235465] pci 0000:00:01.7:   bridge window [mem 0xf0400000-0xf05fffff 64bit pref]
[    1.235473] pci 0000:00:08.1: PCI bridge to [bus 04]
[    1.235481] pci 0000:00:08.1:   bridge window [io  0xe000-0xefff]
[    1.235486] pci 0000:00:08.1:   bridge window [mem 0xfcb00000-0xfcdfffff]
[    1.235490] pci 0000:00:08.1:   bridge window [mem 0xe0000000-0xf01fffff 64bit pref]
[    1.235498] pci_bus 0000:00: resource 4 [io  0x0000-0x03af window]
[    1.235501] pci_bus 0000:00: resource 5 [io  0x03e0-0x0cf7 window]
[    1.235504] pci_bus 0000:00: resource 6 [io  0x03b0-0x03df window]
[    1.235506] pci_bus 0000:00: resource 7 [io  0x0d00-0xffff window]
[    1.235509] pci_bus 0000:00: resource 8 [mem 0x000a0000-0x000dffff window]
[    1.235511] pci_bus 0000:00: resource 9 [mem 0xe0000000-0xfebfffff window]
[    1.235514] pci_bus 0000:00: resource 10 [mem 0xfee00000-0xffffffff window]
[    1.235517] pci_bus 0000:01: resource 1 [mem 0xfcf00000-0xfcffffff]
[    1.235520] pci_bus 0000:02: resource 0 [io  0xf000-0xffff]
[    1.235522] pci_bus 0000:02: resource 1 [mem 0xfce00000-0xfcefffff]
[    1.235525] pci_bus 0000:03: resource 0 [io  0x1000-0x1fff]
[    1.235527] pci_bus 0000:03: resource 1 [mem 0xf0200000-0xf03fffff]
[    1.235530] pci_bus 0000:03: resource 2 [mem 0xf0400000-0xf05fffff 64bit pref]
[    1.235533] pci_bus 0000:04: resource 0 [io  0xe000-0xefff]
[    1.235535] pci_bus 0000:04: resource 1 [mem 0xfcb00000-0xfcdfffff]
[    1.235537] pci_bus 0000:04: resource 2 [mem 0xe0000000-0xf01fffff 64bit pref]
[    1.235771] pci 0000:04:00.1: D0 power state depends on 0000:04:00.0
[    1.236108] PCI: CLS 64 bytes, default 64
[    1.236125] pci 0000:00:00.2: AMD-Vi: IOMMU performance counters supported
[    1.236195] Trying to unpack rootfs image as initramfs...
[    1.236199] pci 0000:00:01.0: Adding to iommu group 0
[    1.236217] pci 0000:00:01.2: Adding to iommu group 1
[    1.236236] pci 0000:00:01.6: Adding to iommu group 2
[    1.236258] pci 0000:00:01.7: Adding to iommu group 3
[    1.236284] pci 0000:00:08.0: Adding to iommu group 4
[    1.236305] pci 0000:00:08.1: Adding to iommu group 5
[    1.236340] pci 0000:00:14.0: Adding to iommu group 6
[    1.236359] pci 0000:00:14.3: Adding to iommu group 6
[    1.236433] pci 0000:00:18.0: Adding to iommu group 7
[    1.236451] pci 0000:00:18.1: Adding to iommu group 7
[    1.236467] pci 0000:00:18.2: Adding to iommu group 7
[    1.236484] pci 0000:00:18.3: Adding to iommu group 7
[    1.236501] pci 0000:00:18.4: Adding to iommu group 7
[    1.236518] pci 0000:00:18.5: Adding to iommu group 7
[    1.236535] pci 0000:00:18.6: Adding to iommu group 7
[    1.236552] pci 0000:00:18.7: Adding to iommu group 7
[    1.236570] pci 0000:01:00.0: Adding to iommu group 8
[    1.236589] pci 0000:02:00.0: Adding to iommu group 9
[    1.236616] pci 0000:04:00.0: Adding to iommu group 10
[    1.236669] pci 0000:04:00.1: Adding to iommu group 11
[    1.236695] pci 0000:04:00.2: Adding to iommu group 11
[    1.236718] pci 0000:04:00.3: Adding to iommu group 11
[    1.236743] pci 0000:04:00.5: Adding to iommu group 11
[    1.236765] pci 0000:04:00.6: Adding to iommu group 11
[    1.237985] AMD-Vi: Extended features (0x4f77ef22294ada, 0x0): PPR NX GT IA GA PC GA_vAPIC
[    1.238000] AMD-Vi: Interrupt remapping enabled
[    1.238213] AMD-Vi: Virtual APIC enabled
[    1.238227] PCI-DMA: Using software bounce buffering for IO (SWIOTLB)
[    1.238230] software IO TLB: mapped [mem 0x00000000cb02a000-0x00000000cf02a000] (64MB)
[    1.238411] perf/amd_iommu: Detected AMD IOMMU #0 (2 banks, 4 counters/bank).
[    1.244462] Initialise system trusted keyrings
[    1.244478] Key type blacklist registered
[    1.244554] workingset: timestamp_bits=41 max_order=22 bucket_order=0
[    1.244571] zbud: loaded
[    1.244770] fuse: init (API version 7.40)
[    1.244921] integrity: Platform Keyring initialized
[    1.244926] integrity: Machine keyring initialized
[    1.266479] Key type asymmetric registered
[    1.266484] Asymmetric key parser 'x509' registered
[    1.266523] Block layer SCSI generic (bsg) driver version 0.4 loaded (major 246)
[    1.266611] io scheduler mq-deadline registered
[    1.266615] io scheduler kyber registered
[    1.266630] io scheduler bfq registered
[    1.268410] pcieport 0000:00:01.2: PME: Signaling with IRQ 26
[    1.268515] pcieport 0000:00:01.2: AER: enabled with IRQ 26
[    1.268717] pcieport 0000:00:01.6: PME: Signaling with IRQ 27
[    1.268804] pcieport 0000:00:01.6: AER: enabled with IRQ 27
[    1.268992] pcieport 0000:00:01.7: PME: Signaling with IRQ 28
[    1.269076] pcieport 0000:00:01.7: AER: enabled with IRQ 28
[    1.269111] pcieport 0000:00:01.7: pciehp: Slot #0 AttnBtn- PwrCtrl- MRL- AttnInd- PwrInd- HotPlug+ Surprise- Interlock- NoCompl+ IbPresDis- LLActRep+
[    1.269368] pcieport 0000:00:08.1: PME: Signaling with IRQ 29
[    1.269540] shpchp: Standard Hot Plug PCI Controller Driver version: 0.4
[    1.317433] Freeing initrd memory: 33592K
[    1.337269] ACPI: AC: AC Adapter [ACAD] (off-line)
[    1.337456] input: Power Button as /devices/LNXSYSTM:00/LNXSYBUS:00/PNP0C0C:00/input/input0
[    1.337496] ACPI: button: Power Button [PWRB]
[    1.337576] input: Lid Switch as /devices/LNXSYSTM:00/LNXSYBUS:00/PNP0C0D:00/input/input1
[    1.337609] ACPI: button: Lid Switch [LID]
[    1.337673] input: Power Button as /devices/LNXSYSTM:00/LNXPWRBN:00/input/input2
[    1.337766] ACPI: button: Power Button [PWRF]
[    1.337855] Monitor-Mwait will be used to enter C-1 state
[    1.337867] ACPI: \_PR_.P000: Found 2 idle states
[    1.338050] ACPI: \_PR_.P001: Found 2 idle states
[    1.338206] ACPI: \_PR_.P002: Found 2 idle states
[    1.338361] ACPI: \_PR_.P003: Found 2 idle states
[    1.349891] ACPI: thermal: [Firmware Bug]: Invalid critical threshold (-274000)
[    1.359358] thermal LNXTHERM:00: registered as thermal_zone0
[    1.359363] ACPI: thermal: Thermal Zone [THRM] (42 C)
[    1.359741] Serial: 8250/16550 driver, 32 ports, IRQ sharing enabled
[    1.363962] Non-volatile memory driver v1.3
[    1.363966] Linux agpgart interface v0.103
[    1.413915] tpm_crb MSFT0101:00: Disabling hwrng
[    1.414442] ACPI: bus type drm_connector registered
[    1.415486] usbcore: registered new interface driver usbserial_generic
[    1.415498] usbserial: USB Serial support registered for generic
[    1.415655] rtc_cmos 00:01: RTC can wake from S4
[    1.416035] rtc_cmos 00:01: registered as rtc0
[    1.416080] rtc_cmos 00:01: setting system clock to 2024-05-29T21:19:14 UTC (1717017554)
[    1.416133] rtc_cmos 00:01: alarms up to one month, y3k, 114 bytes nvram
[    1.416208] amd_pstate: the _CPC object is not present in SBIOS or ACPI disabled
[    1.416257] ledtrig-cpu: registered to indicate activity on CPUs
[    1.416766] [drm] Initialized simpledrm 1.0.0 20200625 for simple-framebuffer.0 on minor 0
[    1.417797] fbcon: Deferring console take-over
[    1.417805] simple-framebuffer simple-framebuffer.0: [drm] fb0: simpledrmdrmfb frame buffer device
[    1.417916] hid: raw HID events driver (C) Jiri Kosina
[    1.418137] drop_monitor: Initializing network drop monitor service
[    1.418348] NET: Registered PF_INET6 protocol family
[    1.429439] Segment Routing with IPv6
[    1.429447] RPL Segment Routing with IPv6
[    1.429474] In-situ OAM (IOAM) with IPv6
[    1.429533] NET: Registered PF_PACKET protocol family
[    1.430350] microcode: Current revision: 0x08108109
[    1.430540] IPI shorthand broadcast: enabled
[    1.435258] sched_clock: Marking stable (1433336239, 391823)->(1437375012, -3646950)
[    1.435472] Timer migration: 1 hierarchy levels; 8 children per group; 1 crossnode level
[    1.435546] registered taskstats version 1
[    1.435896] Loading compiled-in X.509 certificates
[    1.440707] Loaded X.509 cert 'Build time autogenerated kernel key: 044f6bd4c512e63d47f0ff4e4220e567d94f860c'
[    1.447537] zswap: loaded using pool zstd/zsmalloc
[    1.448274] Key type .fscrypt registered
[    1.448278] Key type fscrypt-provisioning registered
[    1.448542] integrity: Loading X.509 certificate: UEFI:db
[    1.448592] integrity: Loaded X.509 cert 'HP Inc.: HP UEFI Secure Boot DB 2017: d9c01b50cfcae89d3b05345c163aa76e5dd589e7'
[    1.448595] integrity: Loading X.509 certificate: UEFI:db
[    1.448624] integrity: Loaded X.509 cert 'Microsoft Windows Production PCA 2011: a92902398e16c49778cd90f99e4f9ae17c55af53'
[    1.448626] integrity: Loading X.509 certificate: UEFI:db
[    1.448655] integrity: Loaded X.509 cert 'Microsoft Corporation UEFI CA 2011: 13adbf4309bd82709c8cd54f316ed522988a1bd4'
[    1.449669] PM:   Magic number: 8:673:349
[    1.449748] platform efivars.0: hash matches
[    1.460001] RAS: Correctable Errors collector initialized.
[    1.467204] ACPI: battery: Slot [BAT0] (battery present)
[    1.488430] clk: Disabling unused clocks
[    1.488443] PM: genpd: Disabling unused power domains
[    1.491271] Freeing unused decrypted memory: 2028K
[    1.492164] Freeing unused kernel image (initmem) memory: 3412K
[    1.492169] Write protecting the kernel read-only data: 32768k
[    1.492812] Freeing unused kernel image (rodata/data gap) memory: 1040K
[    1.592192] x86/mm: Checked W+X mappings: passed, no W+X pages found.
[    1.592203] rodata_test: all tests were successful
[    1.592214] Run /init as init process
[    1.592217]   with arguments:
[    1.592220]     /init
[    1.592223]   with environment:
[    1.592225]     HOME=/
[    1.592227]     TERM=linux
[    1.592229]     BOOT_IMAGE=/boot/vmlinuz-linux
[    1.592231]     nvme_load=yes
[    1.812279] wmi_bus wmi_bus-PNP0C14:00: [Firmware Info]: 8F1F6436-9F42-42C8-BADC-0E9424F20C9A has zero instances
[    1.812291] wmi_bus wmi_bus-PNP0C14:00: [Firmware Info]: 8F1F6435-9F42-42C8-BADC-0E9424F20C9A has zero instances
[    1.812295] wmi_bus wmi_bus-PNP0C14:00: [Firmware Info]: 7391A661-223A-47DB-A77A-7BE84C60822D has zero instances
[    1.812300] wmi_bus wmi_bus-PNP0C14:00: [Firmware Info]: DF4E63B6-3BBC-4858-9737-C74F82F821F3 has zero instances
[    1.820642] ACPI: video: Video Device [VGA] (multi-head: yes  rom: no  post: no)
[    1.821158] input: Video Bus as /devices/LNXSYSTM:00/LNXSYBUS:00/PNP0A08:00/device:01/LNXVIDEO:00/input/input3
[    1.821360] i8042: PNP: PS/2 Controller [PNP0303:PS2K] at 0x60,0x64 irq 1
[    1.821368] i8042: PNP: PS/2 appears to have AUX port disabled, if this is incorrect please boot with i8042.nopnp
[    1.826894] serio: i8042 KBD port at 0x60,0x64 irq 1
[    1.916457] input: AT Translated Set 2 keyboard as /devices/platform/i8042/serio0/input/input4
[    1.956220] xhci_hcd 0000:04:00.3: xHCI Host Controller
[    1.956240] xhci_hcd 0000:04:00.3: new USB bus registered, assigned bus number 1
[    1.956538] xhci_hcd 0000:04:00.3: hcc params 0x0278ffe5 hci version 0x110 quirks 0x0000004000000490
[    1.957153] xhci_hcd 0000:04:00.3: xHCI Host Controller
[    1.957164] xhci_hcd 0000:04:00.3: new USB bus registered, assigned bus number 2
[    1.957172] xhci_hcd 0000:04:00.3: Host supports USB 3.1 Enhanced SuperSpeed
[    1.957498] usb usb1: New USB device found, idVendor=1d6b, idProduct=0002, bcdDevice= 6.09
[    1.957505] usb usb1: New USB device strings: Mfr=3, Product=2, SerialNumber=1
[    1.957510] usb usb1: Product: xHCI Host Controller
[    1.957514] usb usb1: Manufacturer: Linux 6.9.2-arch1-1 xhci-hcd
[    1.957519] usb usb1: SerialNumber: 0000:04:00.3
[    1.957973] hub 1-0:1.0: USB hub found
[    1.958006] hub 1-0:1.0: 6 ports detected
[    1.959021] usb usb2: We don't know the algorithms for LPM for this host, disabling LPM.
[    1.959079] usb usb2: New USB device found, idVendor=1d6b, idProduct=0003, bcdDevice= 6.09
[    1.959085] usb usb2: New USB device strings: Mfr=3, Product=2, SerialNumber=1
[    1.959090] usb usb2: Product: xHCI Host Controller
[    1.959094] usb usb2: Manufacturer: Linux 6.9.2-arch1-1 xhci-hcd
[    1.959098] usb usb2: SerialNumber: 0000:04:00.3
[    1.959311] hub 2-0:1.0: USB hub found
[    1.959427] hub 2-0:1.0: 4 ports detected
[    1.969182] nvme 0000:01:00.0: platform quirk: setting simple suspend
[    1.969388] nvme nvme0: pci function 0000:01:00.0
[    2.040709] nvme nvme0: 4/0/0 default/read/poll queues
[    2.045700] nvme nvme0: Ignoring bogus Namespace Identifiers
[    2.048514]  nvme0n1: p1 p2 p3
[    2.210450] usb 1-4: new full-speed USB device number 2 using xhci_hcd
[    2.243751] tsc: Refined TSC clocksource calibration: 2395.499 MHz
[    2.243768] clocksource: tsc: mask: 0xffffffffffffffff max_cycles: 0x22879bb4636, max_idle_ns: 440795267109 ns
[    2.243809] clocksource: Switched to clocksource tsc
[    2.370497] usb 1-4: New USB device found, idVendor=0bda, idProduct=b00c, bcdDevice= 0.00
[    2.370514] usb 1-4: New USB device strings: Mfr=1, Product=2, SerialNumber=3
[    2.370521] usb 1-4: Product: Bluetooth Radio
[    2.370526] usb 1-4: Manufacturer: Realtek
[    2.370532] usb 1-4: SerialNumber: 00e04c000001
[    2.503769] usb 1-5: new high-speed USB device number 3 using xhci_hcd
[    2.646854] usb 1-5: New USB device found, idVendor=05e3, idProduct=0608, bcdDevice=88.32
[    2.646869] usb 1-5: New USB device strings: Mfr=0, Product=1, SerialNumber=0
[    2.646874] usb 1-5: Product: USB2.0 Hub
[    2.694170] hub 1-5:1.0: USB hub found
[    2.694737] hub 1-5:1.0: 4 ports detected
[    2.977076] usb 1-5.2: new high-speed USB device number 4 using xhci_hcd
[    3.070830] usb 1-5.2: New USB device found, idVendor=30c9, idProduct=0035, bcdDevice= 0.03
[    3.070840] usb 1-5.2: New USB device strings: Mfr=3, Product=1, SerialNumber=2
[    3.070845] usb 1-5.2: Product: HP TrueVision HD Camera
[    3.070850] usb 1-5.2: Manufacturer: DLEQNA1G4FM02C
[    3.070854] usb 1-5.2: SerialNumber: 0001
[    6.086988] [drm] amdgpu kernel modesetting enabled.
[    6.094201] amdgpu: Virtual CRAT table created for CPU
[    6.094233] amdgpu: Topology: Add CPU node
[    6.094531] amdgpu 0000:04:00.0: enabling device (0006 -> 0007)
[    6.094627] [drm] initializing kernel modesetting (RAVEN 0x1002:0x15D8 0x103C:0x87B7 0xCE).
[    6.255479] [drm] register mmio base: 0xFCD00000
[    6.255491] [drm] register mmio size: 524288
[    6.255662] [drm] add ip block number 0 <soc15_common>
[    6.255666] [drm] add ip block number 1 <gmc_v9_0>
[    6.255669] [drm] add ip block number 2 <vega10_ih>
[    6.255672] [drm] add ip block number 3 <psp>
[    6.255675] [drm] add ip block number 4 <powerplay>
[    6.255679] [drm] add ip block number 5 <dm>
[    6.255681] [drm] add ip block number 6 <gfx_v9_0>
[    6.255684] [drm] add ip block number 7 <sdma_v4_0>
[    6.255687] [drm] add ip block number 8 <vcn_v1_0>
[    6.255892] amdgpu 0000:04:00.0: amdgpu: Fetched VBIOS from VFCT
[    6.255899] amdgpu: ATOM BIOS: 113-RAVEN2-117
[    6.263259] [drm] VCN decode is enabled in VM mode
[    6.263263] [drm] VCN encode is enabled in VM mode
[    6.263265] [drm] JPEG decode is enabled in VM mode
[    6.321366] amdgpu 0000:04:00.0: vgaarb: deactivate vga console
[    6.321381] amdgpu 0000:04:00.0: amdgpu: Trusted Memory Zone (TMZ) feature enabled
[    6.321460] [drm] vm size is 262144 GB, 3 levels, block size is 9-bit, fragment size is 9-bit
[    6.321476] amdgpu 0000:04:00.0: amdgpu: VRAM: 2048M 0x000000F400000000 - 0x000000F47FFFFFFF (2048M used)
[    6.321483] amdgpu 0000:04:00.0: amdgpu: GART: 1024M 0x0000000000000000 - 0x000000003FFFFFFF
[    6.321503] [drm] Detected VRAM RAM=2048M, BAR=2048M
[    6.321507] [drm] RAM width 128bits DDR4
[    6.321839] [drm] amdgpu: 2048M of VRAM memory ready
[    6.321844] [drm] amdgpu: 6928M of GTT memory ready.
[    6.321877] [drm] GART: num cpu pages 262144, num gpu pages 262144
[    6.322180] [drm] PCIE GART of 1024M enabled.
[    6.322184] [drm] PTB located at 0x000000F400A00000
[    6.323153] amdgpu: hwmgr_sw_init smu backed is smu10_smu
[    6.324686] [drm] Found VCN firmware Version ENC: 1.15 DEC: 3 VEP: 0 Revision: 0
[    6.324699] amdgpu 0000:04:00.0: amdgpu: Will use PSP to load VCN firmware
[    6.346140] amdgpu 0000:04:00.0: amdgpu: reserve 0x400000 from 0xf47fc00000 for PSP TMR
[    6.390132] amdgpu 0000:04:00.0: amdgpu: failed to load ucode RLC_RESTORE_LIST_CNTL(0x28) 
[    6.390138] amdgpu 0000:04:00.0: amdgpu: psp gfx command LOAD_IP_FW(0x6) failed and response status is (0xFFFF300F)
[    6.390821] amdgpu 0000:04:00.0: amdgpu: failed to load ucode RLC_RESTORE_LIST_GPM_MEM(0x29) 
[    6.390825] amdgpu 0000:04:00.0: amdgpu: psp gfx command LOAD_IP_FW(0x6) failed and response status is (0xFFFF000F)
[    6.391569] amdgpu 0000:04:00.0: amdgpu: failed to load ucode RLC_RESTORE_LIST_SRM_MEM(0x2A) 
[    6.391573] amdgpu 0000:04:00.0: amdgpu: psp gfx command LOAD_IP_FW(0x6) failed and response status is (0xFFFF000F)
[    6.418953] amdgpu 0000:04:00.0: amdgpu: RAS: optional ras ta ucode is not available
[    6.426038] amdgpu 0000:04:00.0: amdgpu: RAP: optional rap ta ucode is not available
[    6.426041] amdgpu 0000:04:00.0: amdgpu: SECUREDISPLAY: securedisplay ta ucode is not available
[    6.426753] [drm] DM_PPLIB: values for F clock
[    6.426756] [drm] DM_PPLIB:	 400000 in kHz, 3174 in mV
[    6.426759] [drm] DM_PPLIB:	 933000 in kHz, 3724 in mV
[    6.426761] [drm] DM_PPLIB:	 1067000 in kHz, 3924 in mV
[    6.426763] [drm] DM_PPLIB:	 1200000 in kHz, 4074 in mV
[    6.426767] [drm] DM_PPLIB: values for DCF clock
[    6.426769] [drm] DM_PPLIB:	 300000 in kHz, 3174 in mV
[    6.426771] [drm] DM_PPLIB:	 600000 in kHz, 3724 in mV
[    6.426773] [drm] DM_PPLIB:	 626000 in kHz, 3924 in mV
[    6.426775] [drm] DM_PPLIB:	 654000 in kHz, 4074 in mV
[    6.427440] [drm] Display Core v3.2.273 initialized on DCN 1.0.1
[    6.529415] [drm] kiq ring mec 2 pipe 1 q 0
[    6.544114] [drm] VCN decode and encode initialized successfully(under SPG Mode).
[    6.596529] amdgpu: HMM registered 2048MB device memory
[    6.599683] kfd kfd: amdgpu: Allocated 3969056 bytes on gart
[    6.599708] kfd kfd: amdgpu: Total number of KFD nodes to be created: 1
[    6.599888] amdgpu: Virtual CRAT table created for GPU
[    6.599988] amdgpu: Topology: Add dGPU node [0x15d8:0x1002]
[    6.599992] kfd kfd: amdgpu: added device 1002:15d8
[    6.600014] amdgpu 0000:04:00.0: amdgpu: SE 1, SH per SE 1, CU per SH 3, active_cu_number 3
[    6.600023] amdgpu 0000:04:00.0: amdgpu: ring gfx uses VM inv eng 0 on hub 0
[    6.600028] amdgpu 0000:04:00.0: amdgpu: ring comp_1.0.0 uses VM inv eng 1 on hub 0
[    6.600031] amdgpu 0000:04:00.0: amdgpu: ring comp_1.1.0 uses VM inv eng 4 on hub 0
[    6.600035] amdgpu 0000:04:00.0: amdgpu: ring comp_1.2.0 uses VM inv eng 5 on hub 0
[    6.600038] amdgpu 0000:04:00.0: amdgpu: ring comp_1.3.0 uses VM inv eng 6 on hub 0
[    6.600041] amdgpu 0000:04:00.0: amdgpu: ring comp_1.0.1 uses VM inv eng 7 on hub 0
[    6.600045] amdgpu 0000:04:00.0: amdgpu: ring comp_1.1.1 uses VM inv eng 8 on hub 0
[    6.600048] amdgpu 0000:04:00.0: amdgpu: ring comp_1.2.1 uses VM inv eng 9 on hub 0
[    6.600051] amdgpu 0000:04:00.0: amdgpu: ring comp_1.3.1 uses VM inv eng 10 on hub 0
[    6.600054] amdgpu 0000:04:00.0: amdgpu: ring kiq_0.2.1.0 uses VM inv eng 11 on hub 0
[    6.600057] amdgpu 0000:04:00.0: amdgpu: ring sdma0 uses VM inv eng 0 on hub 8
[    6.600061] amdgpu 0000:04:00.0: amdgpu: ring vcn_dec uses VM inv eng 1 on hub 8
[    6.600064] amdgpu 0000:04:00.0: amdgpu: ring vcn_enc0 uses VM inv eng 4 on hub 8
[    6.600067] amdgpu 0000:04:00.0: amdgpu: ring vcn_enc1 uses VM inv eng 5 on hub 8
[    6.600070] amdgpu 0000:04:00.0: amdgpu: ring jpeg_dec uses VM inv eng 6 on hub 8
[    6.605398] amdgpu: pp_dpm_get_sclk_od was not implemented.
[    6.605403] amdgpu: pp_dpm_get_mclk_od was not implemented.
[    6.606336] [drm] Initialized amdgpu 3.57.0 20150101 for 0000:04:00.0 on minor 1
[    6.619340] fbcon: amdgpudrmfb (fb0) is primary device
[    6.619348] fbcon: Deferring console take-over
[    6.619356] amdgpu 0000:04:00.0: [drm] fb0: amdgpudrmfb frame buffer device
[    6.667337] fbcon: Taking over console
[    6.676878] Console: switching to colour frame buffer device 170x48
[    6.742775] PM: Image not found (code -22)
[    6.928799] EXT4-fs (nvme0n1p2): mounted filesystem 4ca6d7d2-4dbc-45cd-9801-eab1062ec8c3 r/w with ordered data mode. Quota mode: none.
[    7.042768] systemd[1]: systemd 255.6-2-arch running in system mode (+PAM +AUDIT -SELINUX -APPARMOR -IMA +SMACK +SECCOMP +GCRYPT +GNUTLS +OPENSSL +ACL +BLKID +CURL +ELFUTILS +FIDO2 +IDN2 -IDN +IPTC +KMOD +LIBCRYPTSETUP +LIBFDISK +PCRE2 +PWQUALITY +P11KIT +QRENCODE +TPM2 +BZIP2 +LZ4 +XZ +ZLIB +ZSTD +BPF_FRAMEWORK +XKBCOMMON +UTMP -SYSVINIT default-hierarchy=unified)
[    7.042781] systemd[1]: Detected architecture x86-64.
[    7.044106] systemd[1]: Hostname set to <prometheus>.
[    7.550869] systemd[1]: bpf-lsm: LSM BPF program attached
[    7.728533] systemd[1]: Queued start job for default target Graphical Interface.
[    7.766928] systemd[1]: Created slice Slice /system/dirmngr.
[    7.767560] systemd[1]: Created slice Slice /system/getty.
[    7.768084] systemd[1]: Created slice Slice /system/gpg-agent.
[    7.768588] systemd[1]: Created slice Slice /system/gpg-agent-browser.
[    7.769090] systemd[1]: Created slice Slice /system/gpg-agent-extra.
[    7.769592] systemd[1]: Created slice Slice /system/gpg-agent-ssh.
[    7.770098] systemd[1]: Created slice Slice /system/keyboxd.
[    7.770648] systemd[1]: Created slice Slice /system/modprobe.
[    7.771145] systemd[1]: Created slice Slice /system/systemd-fsck.
[    7.771537] systemd[1]: Created slice User and Session Slice.
[    7.771647] systemd[1]: Started Dispatch Password Requests to Console Directory Watch.
[    7.771733] systemd[1]: Started Forward Password Requests to Wall Directory Watch.
[    7.772032] systemd[1]: Set up automount Arbitrary Executable File Formats File System Automount Point.
[    7.772069] systemd[1]: Expecting device /dev/disk/by-uuid/B3AB-7B44...
[    7.772082] systemd[1]: Expecting device /dev/disk/by-uuid/ba83102f-c967-426a-8ff2-dec3c70d1b73...
[    7.772104] systemd[1]: Reached target Local Encrypted Volumes.
[    7.772127] systemd[1]: Reached target Login Prompts.
[    7.772143] systemd[1]: Reached target Local Integrity Protected Volumes.
[    7.772175] systemd[1]: Reached target Remote File Systems.
[    7.772192] systemd[1]: Reached target Slice Units.
[    7.772221] systemd[1]: Reached target System Time Set.
[    7.772258] systemd[1]: Reached target Local Verity Protected Volumes.
[    7.772378] systemd[1]: Listening on Device-mapper event daemon FIFOs.
[    7.772736] systemd[1]: Listening on LVM2 poll daemon socket.
[    7.774689] systemd[1]: Listening on Process Core Dump Socket.
[    7.774897] systemd[1]: Listening on Journal Socket (/dev/log).
[    7.775080] systemd[1]: Listening on Journal Socket.
[    7.775153] systemd[1]: TPM2 PCR Extension (Varlink) was skipped because of an unmet condition check (ConditionSecurity=measured-uki).
[    7.775695] systemd[1]: Listening on udev Control Socket.
[    7.775850] systemd[1]: Listening on udev Kernel Socket.
[    7.777624] systemd[1]: Mounting Huge Pages File System...
[    7.778675] systemd[1]: Mounting POSIX Message Queue File System...
[    7.779987] systemd[1]: Mounting Kernel Debug File System...
[    7.784080] systemd[1]: Mounting Kernel Trace File System...
[    7.790737] systemd[1]: Starting Create List of Static Device Nodes...
[    7.793165] systemd[1]: Starting Monitoring of LVM2 mirrors, snapshots etc. using dmeventd or progress polling...
[    7.795312] systemd[1]: Starting Load Kernel Module configfs...
[    7.800812] systemd[1]: Starting Load Kernel Module dm_mod...
[    7.804264] systemd[1]: Starting Load Kernel Module drm...
[    7.808384] systemd[1]: Starting Load Kernel Module fuse...
[    7.811564] systemd[1]: Starting Load Kernel Module loop...
[    7.811725] systemd[1]: File System Check on Root Device was skipped because of an unmet condition check (ConditionPathIsReadWrite=!/).
[    7.821704] systemd[1]: Starting Journal Service...
[    7.827481] systemd[1]: Starting Load Kernel Modules...
[    7.827548] systemd[1]: TPM2 PCR Machine ID Measurement was skipped because of an unmet condition check (ConditionSecurity=measured-uki).
[    7.834305] systemd[1]: Starting Remount Root and Kernel File Systems...
[    7.834423] systemd[1]: TPM2 SRK Setup (Early) was skipped because of an unmet condition check (ConditionSecurity=measured-uki).
[    7.836367] systemd[1]: Starting Coldplug All udev Devices...
[    7.839058] systemd[1]: Mounted Huge Pages File System.
[    7.839268] systemd[1]: Mounted POSIX Message Queue File System.
[    7.839443] systemd[1]: Mounted Kernel Debug File System.
[    7.839607] systemd[1]: Mounted Kernel Trace File System.
[    7.840150] systemd[1]: Finished Create List of Static Device Nodes.
[    7.840538] device-mapper: uevent: version 1.0.3
[    7.841431] loop: module loaded
[    7.843897] device-mapper: ioctl: 4.48.0-ioctl (2023-03-01) initialised: dm-devel@lists.linux.dev
[    7.850963] systemd[1]: modprobe@configfs.service: Deactivated successfully.
[    7.851314] systemd[1]: Finished Load Kernel Module configfs.
[    7.851851] systemd[1]: modprobe@dm_mod.service: Deactivated successfully.
[    7.852163] systemd[1]: Finished Load Kernel Module dm_mod.
[    7.852671] systemd[1]: modprobe@drm.service: Deactivated successfully.
[    7.852956] systemd[1]: Finished Load Kernel Module drm.
[    7.853428] systemd[1]: modprobe@fuse.service: Deactivated successfully.
[    7.853718] systemd[1]: Finished Load Kernel Module fuse.
[    7.855221] systemd[1]: modprobe@loop.service: Deactivated successfully.
[    7.855565] systemd[1]: Finished Load Kernel Module loop.
[    7.858350] systemd[1]: Mounting FUSE Control File System...
[    7.864021] systemd[1]: Mounting Kernel Configuration File System...
[    7.864173] systemd[1]: Repartition Root Disk was skipped because no trigger condition checks were met.
[    7.866907] systemd[1]: Starting Create Static Device Nodes in /dev gracefully...
[    7.876172] systemd[1]: Mounted FUSE Control File System.
[    7.878568] systemd-journald[277]: Collecting audit messages is disabled.
[    7.882156] systemd[1]: Mounted Kernel Configuration File System.
[    7.886938] i2c_dev: i2c /dev entries driver
[    7.891845] systemd[1]: Finished Monitoring of LVM2 mirrors, snapshots etc. using dmeventd or progress polling.
[    7.897504] EXT4-fs (nvme0n1p2): re-mounted 4ca6d7d2-4dbc-45cd-9801-eab1062ec8c3 r/w. Quota mode: none.
[    7.900842] systemd[1]: Finished Remount Root and Kernel File Systems.
[    7.901721] systemd[1]: Rebuild Hardware Database was skipped because no trigger condition checks were met.
[    7.903685] systemd[1]: Starting Load/Save OS Random Seed...
[    7.904032] systemd[1]: TPM2 SRK Setup was skipped because of an unmet condition check (ConditionSecurity=measured-uki).
[    7.916572] vboxdrv: loading out-of-tree module taints kernel.
[    7.916586] vboxdrv: module verification failed: signature and/or required key missing - tainting kernel
[    7.950849] vboxdrv: Found 4 processor cores/threads
[    7.953136] systemd[1]: Finished Load/Save OS Random Seed.
[    7.963784] systemd[1]: Finished Create Static Device Nodes in /dev gracefully.
[    7.974050] vboxdrv: TSC mode is Invariant, tentative frequency 2395498944 Hz
[    7.974057] vboxdrv: Successfully loaded version 7.0.18 r162988 (interface 0x00330004)
[    7.978215] VBoxNetAdp: Successfully started.
[    7.983872] VBoxNetFlt: Successfully started.
[    7.990828] systemd[1]: Starting Create System Users...
[    7.991019] systemd[1]: Started Journal Service.
[    8.026583] systemd-journald[277]: Received client request to flush runtime journal.
[    8.374779] Adding 4195648k swap on /dev/nvme0n1p3.  Priority:-2 extents:1 across:4195648k SS
[    8.432581] input: Wireless hotkeys as /devices/virtual/input/input5
[    8.537456] piix4_smbus 0000:00:14.0: SMBus Host Controller at 0xb00, revision 0
[    8.537469] piix4_smbus 0000:00:14.0: Using register 0x02 for SMBus port selection
[    8.582773] piix4_smbus 0000:00:14.0: Auxiliary SMBus Host Controller at 0xb20
[    8.596577] ccp 0000:04:00.2: enabling device (0000 -> 0002)
[    8.615590] ccp 0000:04:00.2: ccp enabled
[    8.616830] ccp 0000:04:00.2: tee enabled
[    8.616889] ccp 0000:04:00.2: psp enabled
[    8.617591] acpi_cpufreq: overriding BIOS provided _PSD data
[    8.619164] snd_pci_acp3x 0000:04:00.5: enabling device (0000 -> 0002)
[    8.619397] snd_pci_acp3x 0000:04:00.5: ACP audio mode : 1
[    8.667557] RAPL PMU: API unit is 2^-32 Joules, 1 fixed counters, 163840 ms ovfl timer
[    8.667569] RAPL PMU: hw unit of domain package 2^-16 Joules
[    8.780521] sp5100_tco: SP5100/SB800 TCO WatchDog Timer Driver
[    8.780755] sp5100-tco sp5100-tco: Using 0xfeb00000 for watchdog MMIO address
[    8.787174] sp5100-tco sp5100-tco: initialized. heartbeat=60 sec (nowayout=0)
[    8.817002] cryptd: max_cpu_qlen set to 1000
[    8.925937] input: HP WMI hotkeys as /devices/virtual/input/input6
[    8.933062] AVX2 version of gcm_enc/dec engaged.
[    8.933134] AES CTR mode by8 optimization enabled
[    8.935490] cfg80211: Loading compiled-in X.509 certificates for regulatory database
[    8.938572] input: SYNA3296:00 06CB:CD50 Mouse as /devices/platform/AMDI0010:01/i2c-1/i2c-SYNA3296:00/0018:06CB:CD50.0001/input/input7
[    8.950708] input: SYNA3296:00 06CB:CD50 Touchpad as /devices/platform/AMDI0010:01/i2c-1/i2c-SYNA3296:00/0018:06CB:CD50.0001/input/input8
[    8.954701] Loaded X.509 cert 'sforshee: 00b28ddf47aef9cea7'
[    8.955099] hid-generic 0018:06CB:CD50.0001: input,hidraw0: I2C HID v1.00 Mouse [SYNA3296:00 06CB:CD50] on i2c-SYNA3296:00
[    8.955349] Loaded X.509 cert 'wens: 61c038651aabdcf94bd0ac7ff06c7248db18c600'
[    9.094924] input: SYNA3296:00 06CB:CD50 Mouse as /devices/platform/AMDI0010:01/i2c-1/i2c-SYNA3296:00/0018:06CB:CD50.0001/input/input10
[    9.095206] input: SYNA3296:00 06CB:CD50 Touchpad as /devices/platform/AMDI0010:01/i2c-1/i2c-SYNA3296:00/0018:06CB:CD50.0001/input/input11
[    9.095548] hid-multitouch 0018:06CB:CD50.0001: input,hidraw0: I2C HID v1.00 Mouse [SYNA3296:00 06CB:CD50] on i2c-SYNA3296:00
[    9.215754] mousedev: PS/2 mouse device common for all mice
[    9.444616] snd_hda_intel 0000:04:00.1: enabling device (0000 -> 0002)
[    9.444789] snd_hda_intel 0000:04:00.1: Handle vga_switcheroo audio client
[    9.446002] snd_hda_intel 0000:04:00.6: enabling device (0000 -> 0002)
[    9.467863] rtw_8822ce 0000:02:00.0: WOW Firmware version 9.9.4, H2C version 15
[    9.469814] rtw_8822ce 0000:02:00.0: Firmware version 9.9.15, H2C version 15
[    9.472029] rtw_8822ce 0000:02:00.0: enabling device (0000 -> 0003)
[    9.475280] kvm_amd: TSC scaling supported
[    9.475289] kvm_amd: Nested Virtualization enabled
[    9.475292] kvm_amd: Nested Paging enabled
[    9.475299] kvm_amd: SEV enabled (ASIDs 0 - 15)
[    9.475303] kvm_amd: SEV-ES enabled (ASIDs 0 - 4294967295)
[    9.475319] kvm_amd: Virtual VMLOAD VMSAVE supported
[    9.475321] kvm_amd: Virtual GIF supported
[    9.475322] kvm_amd: LBR virtualization supported
[    9.485073] snd_hda_intel 0000:04:00.1: bound 0000:04:00.0 (ops amdgpu_dm_audio_component_bind_ops [amdgpu])
[    9.491390] input: HD-Audio Generic HDMI/DP,pcm=3 as /devices/pci0000:00/0000:00:08.1/0000:04:00.1/sound/card0/input13
[    9.530458] snd_hda_codec_realtek hdaudioC1D0: autoconfig for ALC236: line_outs=1 (0x14/0x0/0x0/0x0/0x0) type:speaker
[    9.530492] snd_hda_codec_realtek hdaudioC1D0:    speaker_outs=0 (0x0/0x0/0x0/0x0/0x0)
[    9.530498] snd_hda_codec_realtek hdaudioC1D0:    hp_outs=1 (0x21/0x0/0x0/0x0/0x0)
[    9.530504] snd_hda_codec_realtek hdaudioC1D0:    mono: mono_out=0x0
[    9.530508] snd_hda_codec_realtek hdaudioC1D0:    inputs:
[    9.530512] snd_hda_codec_realtek hdaudioC1D0:      Mic=0x19
[    9.530517] snd_hda_codec_realtek hdaudioC1D0:      Internal Mic=0x12
[    9.598013] wl: module license 'MIXED/Proprietary' taints kernel.
[    9.598026] Disabling lock debugging due to kernel taint
[    9.598030] wl: module license taints kernel.
[    9.617160] ------------[ cut here ]------------
[    9.617170] Unpatched return thunk in use. This should not happen!
[    9.617176] WARNING: CPU: 1 PID: 325 at arch/x86/kernel/cpu/bugs.c:3023 __warn_thunk+0x2a/0x40
[    9.617190] Modules linked in: soundwire_bus(+) intel_rapl_common snd_ctl_led wl(POE+) ledtrig_audio snd_soc_core snd_hda_codec_realtek(+) snd_compress snd_hda_codec_generic ac97_bus snd_hda_scodec_component snd_hda_codec_hdmi kvm_amd snd_pcm_dmaengine rtw88_8822ce snd_rpl_pci_acp6x snd_hda_intel rtw88_8822c snd_acp_pci snd_intel_dspcfg kvm rtw88_pci snd_intel_sdw_acpi snd_acp_legacy_common joydev snd_hda_codec rtw88_core crct10dif_pclmul mousedev snd_hda_core snd_pci_acp6x crc32_pclmul polyval_clmulni snd_hwdep mac80211 polyval_generic gf128mul ghash_clmulni_intel snd_pcm sha512_ssse3 hid_multitouch sha256_ssse3 snd_pci_acp5x libarc4 sha1_ssse3 snd_rn_pci_acp3x hid_generic aesni_intel snd_timer cfg80211 crypto_simd snd hp_wmi sp5100_tco snd_acp_config cryptd platform_profile snd_soc_acpi vfat rapl sparse_keymap wmi_bmof acpi_cpufreq k10temp snd_pci_acp3x ccp rfkill soundcore i2c_piix4 fat i2c_hid_acpi i2c_hid wireless_hotkey acpi_tad mac_hid vboxnetflt(OE) vboxnetadp(OE) vboxdrv(OE) i2c_dev crypto_user loop dm_mod
[    9.617357]  nfnetlink ip_tables x_tables ext4 crc32c_generic crc16 mbcache jbd2 amdgpu amdxcp i2c_algo_bit drm_ttm_helper ttm drm_exec gpu_sched drm_suballoc_helper crc32c_intel drm_buddy nvme drm_display_helper xhci_pci nvme_core cec xhci_pci_renesas nvme_auth serio_raw atkbd libps2 vivaldi_fmap i8042 video serio wmi
[    9.617427] CPU: 1 PID: 325 Comm: (udev-worker) Tainted: P           OE      6.9.2-arch1-1 #1 0c9f583c4dce67c6fc47fa44804d20ac179c7f14
[    9.617435] Hardware name: HP HP Laptop 14-fq0xxx/87B7, BIOS F.51 08/12/2021
[    9.617440] RIP: 0010:__warn_thunk+0x2a/0x40
[    9.617447] Code: 66 0f 1f 00 0f 1f 44 00 00 80 3d 00 aa 17 02 00 74 05 e9 b9 9f dd 00 48 c7 c7 e0 f9 65 89 c6 05 eb a9 17 02 01 e8 16 0c 06 00 <0f> 0b e9 9f 9f dd 00 66 2e 0f 1f 84 00 00 00 00 00 0f 1f 44 00 00
[    9.617451] RSP: 0018:ffff9a90c1b13c00 EFLAGS: 00010282
[    9.617458] RAX: 0000000000000000 RBX: 0000000000000000 RCX: 0000000000000027
[    9.617462] RDX: ffff89ce9f0a19c8 RSI: 0000000000000001 RDI: ffff89ce9f0a19c0
[    9.617466] RBP: ffff9a90c1b13c50 R08: 0000000000000000 R09: ffff9a90c1b13a80
[    9.617469] R10: ffffffff89eb21a8 R11: 0000000000000003 R12: ffffffffc26b8ac1
[    9.617473] R13: ffff9a90c1b13c98 R14: ffff89cb83dbeb00 R15: ffff89cb882b0128
[    9.617477] FS:  000078d01b3a5680(0000) GS:ffff89ce9f080000(0000) knlGS:0000000000000000
[    9.617482] CS:  0010 DS: 0000 ES: 0000 CR0: 0000000080050033
[    9.617486] CR2: 00005ba281cf80b8 CR3: 000000011019c000 CR4: 00000000003506f0
[    9.617491] Call Trace:
[    9.617496]  <TASK>
[    9.617499]  ? __warn_thunk+0x2a/0x40
[    9.617507]  ? __warn.cold+0x8e/0xe8
[    9.617515]  ? __warn_thunk+0x2a/0x40
[    9.617529]  ? report_bug+0xff/0x140
[    9.617539]  ? handle_bug+0x3c/0x80
[    9.617544]  ? exc_invalid_op+0x17/0x70
[    9.617550]  ? asm_exc_invalid_op+0x1a/0x20
[    9.617564]  ? __warn_thunk+0x2a/0x40
[    9.617572]  warn_thunk_thunk+0x1a/0x30
[    9.617583]  getvar+0x20/0x70 [wl 383ff529cf3ad60fff5823d88ad90d1b936578f7]
[    9.617689]  ? __UNIQUE_ID_vermagic434+0x656efe22d573/0x656efe22d573 [wl 383ff529cf3ad60fff5823d88ad90d1b936578f7]
[    9.617776]  wl_module_init+0x17/0xa0 [wl 383ff529cf3ad60fff5823d88ad90d1b936578f7]
[    9.617857]  ? do_one_initcall+0x5b/0x310
[    9.617870]  ? do_init_module+0x60/0x220
[    9.617877]  ? init_module_from_file+0x89/0xe0
[    9.617890]  ? idempotent_init_module+0x121/0x2b0
[    9.617899]  ? __x64_sys_finit_module+0x5e/0xb0
[    9.617905]  ? do_syscall_64+0x83/0x190
[    9.617912]  ? srso_return_thunk+0x5/0x5f
[    9.617917]  ? do_syscall_64+0x8f/0x190
[    9.617922]  ? srso_return_thunk+0x5/0x5f
[    9.617926]  ? do_user_addr_fault+0x34e/0x620
[    9.617934]  ? srso_return_thunk+0x5/0x5f
[    9.617938]  ? srso_return_thunk+0x5/0x5f
[    9.617943]  ? entry_SYSCALL_64_after_hwframe+0x76/0x7e
[    9.617955]  </TASK>
[    9.617957] ---[ end trace 0000000000000000 ]---
[    9.630021] rtw_8822ce 0000:02:00.0 wlo1: renamed from wlan0
[    9.653410] AMD Address Translation Library initialized
[    9.664281] intel_rapl_common: Found RAPL domain package
[    9.664292] intel_rapl_common: Found RAPL domain core
[    9.688129] input: HD-Audio Generic Mic as /devices/pci0000:00/0000:00:08.1/0000:04:00.6/sound/card1/input14
[    9.696710] input: HD-Audio Generic Headphone as /devices/pci0000:00/0000:00:08.1/0000:04:00.6/sound/card1/input15
[   10.401072] Bluetooth: Core ver 2.22
[   10.401132] NET: Registered PF_BLUETOOTH protocol family
[   10.401136] Bluetooth: HCI device and connection manager initialized
[   10.401145] Bluetooth: HCI socket layer initialized
[   10.401151] Bluetooth: L2CAP socket layer initialized
[   10.401160] Bluetooth: SCO socket layer initialized
[   10.554057] usbcore: registered new interface driver btusb
[   10.556507] Bluetooth: hci0: RTL: examining hci_ver=0a hci_rev=000c lmp_ver=0a lmp_subver=8822
[   10.558530] Bluetooth: hci0: RTL: rom_version status=0 version=3
[   10.558541] Bluetooth: hci0: RTL: loading rtl_bt/rtl8822cu_fw.bin
[   10.561766] Bluetooth: hci0: RTL: loading rtl_bt/rtl8822cu_config.bin
[   10.562003] Bluetooth: hci0: RTL: cfg_sz 6, total sz 37018
[   10.579773] mc: Linux media interface: v0.10
[   10.638096] videodev: Linux video capture interface: v2.00
[   10.688706] Bluetooth: BNEP (Ethernet Emulation) ver 1.3
[   10.688720] Bluetooth: BNEP filters: protocol multicast
[   10.688730] Bluetooth: BNEP socket layer initialized
[   10.884848] usb 1-5.2: Found UVC 1.10 device HP TrueVision HD Camera (30c9:0035)
[   10.887520] Bluetooth: hci0: RTL: fw version 0x0ed6407b
[   10.891815] usbcore: registered new interface driver uvcvideo
[   10.993884] Bluetooth: hci0: AOSP extensions version v1.00
[   10.993899] Bluetooth: hci0: AOSP quality report is supported
[   10.994238] Bluetooth: MGMT ver 1.22
[   11.004530] NET: Registered PF_ALG protocol family
[   15.171073] wlo1: authenticate with 9c:3d:cf:f2:65:6f (local address=f8:89:d2:b3:16:af)
[   15.377326] rtw_8822ce 0000:02:00.0: failed to do dpk calibration
[   15.428979] wlo1: send auth to 9c:3d:cf:f2:65:6f (try 1/3)
[   15.432365] wlo1: authenticated
[   15.433789] wlo1: associate with 9c:3d:cf:f2:65:6f (try 1/3)
[   15.439278] wlo1: RX AssocResp from 9c:3d:cf:f2:65:6f (capab=0x1411 status=0 aid=2)
[   15.439681] wlo1: associated
[   15.540697] wlo1: Limiting TX power to 27 (30 - 3) dBm as advertised by 9c:3d:cf:f2:65:6f
[ 1615.869779] device "ruben_dev" created successfully
[ 1615.869788] major: 238 minor: 0
[ 1615.869832] device class "r_dev_class" created successfully
[ 1615.869946] device "ruben" created successfully!
[ 1641.484877] destroying device "ruben"...
[ 1641.485048] Destroyed. Destroying device class "r_dev_class"...
[ 1641.485058] Destroyed. Unregistering chrdev region "ruben_dev"...
[ 1641.485062] Succesfully exited!
[ 1709.149564] device "ruben_dev" created successfully
[ 1709.149574] major: 238 minor: 0
[ 1709.149616] device class "r_dev_class" created successfully
[ 1709.149725] device "ruben" created successfully!
[ 1726.921176] destroying device "ruben"...
[ 1726.921340] Destroyed. Destroying device class "r_dev_class"...
[ 1726.921352] Destroyed. Unregistering chrdev region "ruben_dev"...
[ 1726.921356] Succesfully exited!
[ 3846.499885] device "ruben_dev" created successfully
[ 3846.499895] major: 238 minor: 0
[ 3846.499901] r_cdev added to system
[ 3846.499938] device class "r_dev_class" created successfully
[ 3846.500047] device "ruben" created successfully!
[ 3893.139859] opened.
[ 3893.139879] BUG: unable to handle page fault for address: 0000636d28c71c80
[ 3893.139884] #PF: supervisor read access in kernel mode
[ 3893.139889] #PF: error_code(0x0001) - permissions violation
[ 3893.139892] PGD 1ce754067 P4D 1ce754067 PUD 16c35f067 PMD 1535ed067 PTE 80000001a7ca4867
[ 3893.139905] Oops: 0001 [#1] PREEMPT SMP NOPTI
[ 3893.139913] CPU: 3 PID: 8220 Comm: zsh Tainted: P        W  OE      6.9.2-arch1-1 #1 0c9f583c4dce67c6fc47fa44804d20ac179c7f14
[ 3893.139921] Hardware name: HP HP Laptop 14-fq0xxx/87B7, BIOS F.51 08/12/2021
[ 3893.139925] RIP: 0010:ruben_write+0x1e/0x40 [ruben]
[ 3893.139947] Code: 90 90 90 90 90 90 90 90 90 90 90 90 f3 0f 1e fa 0f 1f 44 00 00 53 48 85 d2 0f 84 e9 00 00 00 48 8b 05 16 20 00 00 31 db 31 c9 <0f> b6 0c 0e 48 83 c3 01 48 83 c0 01 88 48 ff 48 63 cb 48 39 d1 72
[ 3893.139952] RSP: 0018:ffff9a90c33f7c20 EFLAGS: 00010246
[ 3893.139958] RAX: ffffffffc2a187a0 RBX: 0000000000000000 RCX: 0000000000000000
[ 3893.139962] RDX: 0000000000000004 RSI: 0000636d28c71c80 RDI: ffff89cbbb38b700
[ 3893.139966] RBP: 0000000000000000 R08: 0000000000000000 R09: 0000000000000000
[ 3893.139970] R10: 0000000000000000 R11: 0000000000000000 R12: ffff89cbbb38b700
[ 3893.139973] R13: 0000636d28c71c80 R14: ffff9a90c33f7cc8 R15: ffff89cbd3552300
[ 3893.139978] FS:  00007ef616d36080(0000) GS:ffff89ce9f180000(0000) knlGS:0000000000000000
[ 3893.139983] CS:  0010 DS: 0000 ES: 0000 CR0: 0000000080050033
[ 3893.139987] CR2: 0000636d28c71c80 CR3: 00000001c1580000 CR4: 00000000003506f0
[ 3893.139992] Call Trace:
[ 3893.139997]  <TASK>
[ 3893.140005]  ? __die_body.cold+0x19/0x27
[ 3893.140018]  ? page_fault_oops+0x15a/0x2b0
[ 3893.140035]  ? exc_page_fault+0x81/0x190
[ 3893.140046]  ? asm_exc_page_fault+0x26/0x30
[ 3893.140065]  ? ruben_write+0x1e/0x40 [ruben c67a69f60753ce2c1d55912a8a645656b88f9bad]
[ 3893.140079]  vfs_write+0xf8/0x460
[ 3893.140090]  ? srso_return_thunk+0x5/0x5f
[ 3893.140096]  ? terminate_walk+0xee/0x100
[ 3893.140104]  ? srso_return_thunk+0x5/0x5f
[ 3893.140109]  ? path_openat+0xa1a/0x1110
[ 3893.140121]  ksys_write+0x6d/0xf0
[ 3893.140129]  do_syscall_64+0x83/0x190
[ 3893.140148]  ? srso_return_thunk+0x5/0x5f
[ 3893.140154]  ? srso_return_thunk+0x5/0x5f
[ 3893.140158]  ? syscall_exit_to_user_mode+0x75/0x210
[ 3893.140165]  ? srso_return_thunk+0x5/0x5f
[ 3893.140170]  ? do_syscall_64+0x8f/0x190
[ 3893.140178]  ? srso_return_thunk+0x5/0x5f
[ 3893.140182]  ? __x64_sys_fcntl+0x94/0xc0
[ 3893.140190]  ? srso_return_thunk+0x5/0x5f
[ 3893.140194]  ? syscall_exit_to_user_mode+0x75/0x210
[ 3893.140200]  ? srso_return_thunk+0x5/0x5f
[ 3893.140205]  ? do_syscall_64+0x8f/0x190
[ 3893.140216]  ? srso_return_thunk+0x5/0x5f
[ 3893.140221]  ? ksys_dup3+0x61/0xe0
[ 3893.140227]  ? srso_return_thunk+0x5/0x5f
[ 3893.140232]  ? do_dup2+0x78/0xd0
[ 3893.140239]  ? srso_return_thunk+0x5/0x5f
[ 3893.140244]  ? syscall_exit_to_user_mode+0x75/0x210
[ 3893.140250]  ? srso_return_thunk+0x5/0x5f
[ 3893.140254]  ? do_syscall_64+0x8f/0x190
[ 3893.140262]  ? srso_return_thunk+0x5/0x5f
[ 3893.140266]  ? srso_return_thunk+0x5/0x5f
[ 3893.140273]  entry_SYSCALL_64_after_hwframe+0x76/0x7e
[ 3893.140281] RIP: 0033:0x7ef616e40504
[ 3893.140325] Code: c7 00 16 00 00 00 b8 ff ff ff ff c3 66 2e 0f 1f 84 00 00 00 00 00 f3 0f 1e fa 80 3d 45 0b 0e 00 00 74 13 b8 01 00 00 00 0f 05 <48> 3d 00 f0 ff ff 77 54 c3 0f 1f 00 55 48 89 e5 48 83 ec 20 48 89
[ 3893.140330] RSP: 002b:00007fffb55a99c8 EFLAGS: 00000202 ORIG_RAX: 0000000000000001
[ 3893.140336] RAX: ffffffffffffffda RBX: 0000000000000004 RCX: 00007ef616e40504
[ 3893.140339] RDX: 0000000000000004 RSI: 0000636d28c71c80 RDI: 0000000000000001
[ 3893.140343] RBP: 00007fffb55a99f0 R08: 0000000000000000 R09: 0000000000000000
[ 3893.140346] R10: 00007ef6170b81c0 R11: 0000000000000202 R12: 0000000000000004
[ 3893.140349] R13: 0000636d28c71c80 R14: 00007ef616f1a5c0 R15: 00007ef616f17f00
[ 3893.140364]  </TASK>
[ 3893.140366] Modules linked in: ruben(OE) ccm cmac algif_hash algif_skcipher af_alg uvcvideo videobuf2_vmalloc bnep uvc videobuf2_memops videobuf2_v4l2 videodev videobuf2_common mc btusb btrtl btintel btbcm btmtk bluetooth ecdh_generic snd_sof_amd_acp63 snd_sof_amd_vangogh snd_sof_amd_rembrandt snd_sof_amd_renoir snd_sof_amd_acp snd_sof_pci snd_sof_xtensa_dsp snd_sof snd_sof_utils snd_pci_ps intel_rapl_msr snd_amd_sdw_acpi amd_atl soundwire_amd soundwire_generic_allocation soundwire_bus intel_rapl_common snd_ctl_led wl(POE) ledtrig_audio snd_soc_core snd_hda_codec_realtek snd_compress snd_hda_codec_generic ac97_bus snd_hda_scodec_component snd_hda_codec_hdmi kvm_amd snd_pcm_dmaengine rtw88_8822ce snd_rpl_pci_acp6x snd_hda_intel rtw88_8822c snd_acp_pci snd_intel_dspcfg kvm rtw88_pci snd_intel_sdw_acpi snd_acp_legacy_common joydev snd_hda_codec rtw88_core crct10dif_pclmul mousedev snd_hda_core snd_pci_acp6x crc32_pclmul polyval_clmulni snd_hwdep mac80211 polyval_generic gf128mul ghash_clmulni_intel snd_pcm sha512_ssse3
[ 3893.140521]  hid_multitouch sha256_ssse3 snd_pci_acp5x libarc4 sha1_ssse3 snd_rn_pci_acp3x hid_generic aesni_intel snd_timer cfg80211 crypto_simd snd hp_wmi sp5100_tco snd_acp_config cryptd platform_profile snd_soc_acpi vfat rapl sparse_keymap wmi_bmof acpi_cpufreq k10temp snd_pci_acp3x ccp rfkill soundcore i2c_piix4 fat i2c_hid_acpi i2c_hid wireless_hotkey acpi_tad mac_hid vboxnetflt(OE) vboxnetadp(OE) vboxdrv(OE) i2c_dev crypto_user loop dm_mod nfnetlink ip_tables x_tables ext4 crc32c_generic crc16 mbcache jbd2 amdgpu amdxcp i2c_algo_bit drm_ttm_helper ttm drm_exec gpu_sched drm_suballoc_helper crc32c_intel drm_buddy nvme drm_display_helper xhci_pci nvme_core cec xhci_pci_renesas nvme_auth serio_raw atkbd libps2 vivaldi_fmap i8042 video serio wmi
[ 3893.140668] Unloaded tainted modules: ruben(OE):2 [last unloaded: ruben(OE)]
[ 3893.140679] CR2: 0000636d28c71c80
[ 3893.140683] ---[ end trace 0000000000000000 ]---
[ 3893.228691] RIP: 0010:ruben_write+0x1e/0x40 [ruben]
[ 3893.228719] Code: 90 90 90 90 90 90 90 90 90 90 90 90 f3 0f 1e fa 0f 1f 44 00 00 53 48 85 d2 0f 84 e9 00 00 00 48 8b 05 16 20 00 00 31 db 31 c9 <0f> b6 0c 0e 48 83 c3 01 48 83 c0 01 88 48 ff 48 63 cb 48 39 d1 72
[ 3893.228724] RSP: 0018:ffff9a90c33f7c20 EFLAGS: 00010246
[ 3893.233136] RAX: ffffffffc2a187a0 RBX: 0000000000000000 RCX: 0000000000000000
[ 3893.234458] RDX: 0000000000000004 RSI: 0000636d28c71c80 RDI: ffff89cbbb38b700
[ 3893.235765] RBP: 0000000000000000 R08: 0000000000000000 R09: 0000000000000000
[ 3893.237065] R10: 0000000000000000 R11: 0000000000000000 R12: ffff89cbbb38b700
[ 3893.238478] R13: 0000636d28c71c80 R14: ffff9a90c33f7cc8 R15: ffff89cbd3552300
[ 3893.240253] FS:  00007ef616d36080(0000) GS:ffff89ce9f180000(0000) knlGS:0000000000000000
[ 3893.241828] CS:  0010 DS: 0000 ES: 0000 CR0: 0000000080050033
[ 3893.243617] CR2: 0000636d28c71c80 CR3: 00000001c1580000 CR4: 00000000003506f0
[ 3893.245132] note: zsh[8220] exited with irqs disabled
[ 3893.248481] closed.
[ 4155.983627] atkbd serio0: Unknown key released (translated set 2, code 0xab on isa0060/serio0).
[ 4155.983652] atkbd serio0: Use 'setkeycodes e02b <keycode>' to make it known.
[ 4215.699507] destroying device "ruben"...
[ 4215.702211] Destroyed.
[ 4215.703616] Destroying device class "r_dev_class"...
[ 4215.704580] Destroyed.
[ 4215.705304] Removing "r_cdev"...
[ 4215.706002] Removed.
[ 4215.706624] Unregistering chrdev region "ruben_dev"...
[ 4215.707391] Succesfully exited!
[ 4338.211350] device "ruben_dev" created successfully
[ 4338.214276] major: 238 minor: 0
[ 4338.215030] r_cdev added to system
[ 4338.215597] device class "r_dev_class" created successfully
[ 4338.216346] device "ruben" created successfully!
[ 4368.809896] opened.
[ 4368.810978] BUG: unable to handle page fault for address: 00005dd4f571cc80
[ 4368.812003] #PF: supervisor read access in kernel mode
[ 4368.812998] #PF: error_code(0x0001) - permissions violation
[ 4368.813986] PGD 16c30b067 P4D 16c30b067 PUD 14ad82067 PMD 16c1a3067 PTE 80000001bc58e867
[ 4368.815004] Oops: 0001 [#2] PREEMPT SMP NOPTI
[ 4368.816048] CPU: 1 PID: 9269 Comm: zsh Tainted: P      D W  OE      6.9.2-arch1-1 #1 0c9f583c4dce67c6fc47fa44804d20ac179c7f14
[ 4368.817780] Hardware name: HP HP Laptop 14-fq0xxx/87B7, BIOS F.51 08/12/2021
[ 4368.819454] RIP: 0010:ruben_write+0x1e/0x40 [ruben]
[ 4368.820579] Code: 90 90 90 90 90 90 90 90 90 90 90 90 f3 0f 1e fa 0f 1f 44 00 00 53 48 85 d2 0f 84 e9 00 00 00 48 8b 05 16 20 00 00 31 db 31 c9 <0f> b6 0c 0e 48 83 c3 01 48 83 c0 01 88 48 ff 48 63 cb 48 39 d1 72
[ 4368.822005] RSP: 0018:ffff9a90c3087d20 EFLAGS: 00010246
[ 4368.822626] RAX: ffffffffc2a187a0 RBX: 0000000000000000 RCX: 0000000000000000
[ 4368.823237] RDX: 0000000000000002 RSI: 00005dd4f571cc80 RDI: ffff89cbd08e5900
[ 4368.823839] RBP: 0000000000000000 R08: 0000000000000000 R09: 0000000000000000
[ 4368.824434] R10: 0000000000000000 R11: 0000000000000000 R12: ffff89cbd08e5900
[ 4368.825020] R13: 00005dd4f571cc80 R14: ffff9a90c3087dc8 R15: ffff89cc06b94600
[ 4368.825600] FS:  00007af64c9e0080(0000) GS:ffff89ce9f080000(0000) knlGS:0000000000000000
[ 4368.826181] CS:  0010 DS: 0000 ES: 0000 CR0: 0000000080050033
[ 4368.826754] CR2: 00005dd4f571cc80 CR3: 0000000153e0a000 CR4: 00000000003506f0
[ 4368.827337] Call Trace:
[ 4368.827917]  <TASK>
[ 4368.828491]  ? __die_body.cold+0x19/0x27
[ 4368.829072]  ? page_fault_oops+0x15a/0x2b0
[ 4368.829647]  ? srso_return_thunk+0x5/0x5f
[ 4368.830216]  ? syscall_exit_to_user_mode+0x75/0x210
[ 4368.830794]  ? exc_page_fault+0x81/0x190
[ 4368.831366]  ? asm_exc_page_fault+0x26/0x30
[ 4368.831945]  ? ruben_write+0x1e/0x40 [ruben c67a69f60753ce2c1d55912a8a645656b88f9bad]
[ 4368.832545]  vfs_write+0xf8/0x460
[ 4368.833612]  ? srso_return_thunk+0x5/0x5f
[ 4368.835358]  ? syscall_exit_to_user_mode+0x75/0x210
[ 4368.836691]  ? srso_return_thunk+0x5/0x5f
[ 4368.837673]  ? do_syscall_64+0x8f/0x190
[ 4368.838313]  ? srso_return_thunk+0x5/0x5f
[ 4368.838885]  ? srso_return_thunk+0x5/0x5f
[ 4368.839446]  ? __pte_offset_map+0x1b/0x180
[ 4368.840015]  ksys_write+0x6d/0xf0
[ 4368.840579]  do_syscall_64+0x83/0x190
[ 4368.841141]  ? srso_return_thunk+0x5/0x5f
[ 4368.841697]  ? syscall_exit_to_user_mode+0x75/0x210
[ 4368.842254]  ? srso_return_thunk+0x5/0x5f
[ 4368.842803]  ? do_syscall_64+0x8f/0x190
[ 4368.843348]  ? srso_return_thunk+0x5/0x5f
[ 4368.843885]  ? __count_memcg_events+0x4d/0xb0
[ 4368.844419]  ? srso_return_thunk+0x5/0x5f
[ 4368.844944]  ? count_memcg_events.constprop.0+0x1a/0x30
[ 4368.845471]  ? srso_return_thunk+0x5/0x5f
[ 4368.845992]  ? handle_mm_fault+0x1f0/0x300
[ 4368.846516]  ? srso_return_thunk+0x5/0x5f
[ 4368.847038]  ? do_user_addr_fault+0x34e/0x620
[ 4368.847565]  ? srso_return_thunk+0x5/0x5f
[ 4368.848075]  ? srso_return_thunk+0x5/0x5f
[ 4368.848582]  entry_SYSCALL_64_after_hwframe+0x76/0x7e
[ 4368.849097] RIP: 0033:0x7af64caea504
[ 4368.850081] Code: c7 00 16 00 00 00 b8 ff ff ff ff c3 66 2e 0f 1f 84 00 00 00 00 00 f3 0f 1e fa 80 3d 45 0b 0e 00 00 74 13 b8 01 00 00 00 0f 05 <48> 3d 00 f0 ff ff 77 54 c3 0f 1f 00 55 48 89 e5 48 83 ec 20 48 89
[ 4368.853026] RSP: 002b:00007ffe16d3e428 EFLAGS: 00000202 ORIG_RAX: 0000000000000001
[ 4368.854017] RAX: ffffffffffffffda RBX: 0000000000000002 RCX: 00007af64caea504
[ 4368.854649] RDX: 0000000000000002 RSI: 00005dd4f571cc80 RDI: 0000000000000001
[ 4368.855213] RBP: 00007ffe16d3e450 R08: 0000000000000000 R09: 0000000000000000
[ 4368.855755] R10: 00007af64cd60bc0 R11: 0000000000000202 R12: 0000000000000002
[ 4368.856293] R13: 00005dd4f571cc80 R14: 00007af64cbc45c0 R15: 00007af64cbc1f00
[ 4368.856825]  </TASK>
[ 4368.857313] Modules linked in: ruben(OE) ccm cmac algif_hash algif_skcipher af_alg uvcvideo videobuf2_vmalloc bnep uvc videobuf2_memops videobuf2_v4l2 videodev videobuf2_common mc btusb btrtl btintel btbcm btmtk bluetooth ecdh_generic snd_sof_amd_acp63 snd_sof_amd_vangogh snd_sof_amd_rembrandt snd_sof_amd_renoir snd_sof_amd_acp snd_sof_pci snd_sof_xtensa_dsp snd_sof snd_sof_utils snd_pci_ps intel_rapl_msr snd_amd_sdw_acpi amd_atl soundwire_amd soundwire_generic_allocation soundwire_bus intel_rapl_common snd_ctl_led wl(POE) ledtrig_audio snd_soc_core snd_hda_codec_realtek snd_compress snd_hda_codec_generic ac97_bus snd_hda_scodec_component snd_hda_codec_hdmi kvm_amd snd_pcm_dmaengine rtw88_8822ce snd_rpl_pci_acp6x snd_hda_intel rtw88_8822c snd_acp_pci snd_intel_dspcfg kvm rtw88_pci snd_intel_sdw_acpi snd_acp_legacy_common joydev snd_hda_codec rtw88_core crct10dif_pclmul mousedev snd_hda_core snd_pci_acp6x crc32_pclmul polyval_clmulni snd_hwdep mac80211 polyval_generic gf128mul ghash_clmulni_intel snd_pcm sha512_ssse3
[ 4368.857454]  hid_multitouch sha256_ssse3 snd_pci_acp5x libarc4 sha1_ssse3 snd_rn_pci_acp3x hid_generic aesni_intel snd_timer cfg80211 crypto_simd snd hp_wmi sp5100_tco snd_acp_config cryptd platform_profile snd_soc_acpi vfat rapl sparse_keymap wmi_bmof acpi_cpufreq k10temp snd_pci_acp3x ccp rfkill soundcore i2c_piix4 fat i2c_hid_acpi i2c_hid wireless_hotkey acpi_tad mac_hid vboxnetflt(OE) vboxnetadp(OE) vboxdrv(OE) i2c_dev crypto_user loop dm_mod nfnetlink ip_tables x_tables ext4 crc32c_generic crc16 mbcache jbd2 amdgpu amdxcp i2c_algo_bit drm_ttm_helper ttm drm_exec gpu_sched drm_suballoc_helper crc32c_intel drm_buddy nvme drm_display_helper xhci_pci nvme_core cec xhci_pci_renesas nvme_auth serio_raw atkbd libps2 vivaldi_fmap i8042 video serio wmi
[ 4368.861411] Unloaded tainted modules: ruben(OE):3 [last unloaded: ruben(OE)]
[ 4368.865145] CR2: 00005dd4f571cc80
[ 4368.865795] ---[ end trace 0000000000000000 ]---
[ 4368.866970] RIP: 0010:ruben_write+0x1e/0x40 [ruben]
[ 4368.869038] Code: 90 90 90 90 90 90 90 90 90 90 90 90 f3 0f 1e fa 0f 1f 44 00 00 53 48 85 d2 0f 84 e9 00 00 00 48 8b 05 16 20 00 00 31 db 31 c9 <0f> b6 0c 0e 48 83 c3 01 48 83 c0 01 88 48 ff 48 63 cb 48 39 d1 72
[ 4368.871472] RSP: 0018:ffff9a90c33f7c20 EFLAGS: 00010246
[ 4368.872209] RAX: ffffffffc2a187a0 RBX: 0000000000000000 RCX: 0000000000000000
[ 4368.872912] RDX: 0000000000000004 RSI: 0000636d28c71c80 RDI: ffff89cbbb38b700
[ 4368.873612] RBP: 0000000000000000 R08: 0000000000000000 R09: 0000000000000000
[ 4368.874313] R10: 0000000000000000 R11: 0000000000000000 R12: ffff89cbbb38b700
[ 4368.875011] R13: 0000636d28c71c80 R14: ffff9a90c33f7cc8 R15: ffff89cbd3552300
[ 4368.875716] FS:  00007af64c9e0080(0000) GS:ffff89ce9f080000(0000) knlGS:0000000000000000
[ 4368.876429] CS:  0010 DS: 0000 ES: 0000 CR0: 0000000080050033
[ 4368.877144] CR2: 00005dd4f571cc80 CR3: 0000000153e0a000 CR4: 00000000003506f0
[ 4368.877868] note: zsh[9269] exited with irqs disabled
[ 4368.879807] closed.
[ 4541.046455] destroying device "ruben"...
[ 4541.048992] Destroyed.
[ 4541.050168] Destroying device class "r_dev_class"...
[ 4541.051041] Destroyed.
[ 4541.051648] Removing "r_cdev"...
[ 4541.052466] Removed.
[ 4541.053148] Unregistering chrdev region "ruben_dev"...
[ 4541.053784] Succesfully exited!
[ 4544.621863] device "ruben_dev" created successfully
[ 4544.625488] major: 238 minor: 0
[ 4544.626590] r_cdev added to system
[ 4544.627389] device class "r_dev_class" created successfully
[ 4544.628228] device "ruben" created successfully!
[ 4556.794014] opened.
[ 4556.794978] BUG: unable to handle page fault for address: 0000653745e77c80
[ 4556.795831] #PF: supervisor read access in kernel mode
[ 4556.796477] #PF: error_code(0x0001) - permissions violation
[ 4556.797140] PGD 106c8e067 P4D 106c8e067 PUD 1539a9067 PMD 101145067 PTE 800000016b120867
[ 4556.797771] Oops: 0001 [#3] PREEMPT SMP NOPTI
[ 4556.798631] CPU: 0 PID: 9809 Comm: zsh Tainted: P      D W  OE      6.9.2-arch1-1 #1 0c9f583c4dce67c6fc47fa44804d20ac179c7f14
[ 4556.799519] Hardware name: HP HP Laptop 14-fq0xxx/87B7, BIOS F.51 08/12/2021
[ 4556.800093] RIP: 0010:ruben_write+0x1e/0x40 [ruben]
[ 4556.800802] Code: 90 90 90 90 90 90 90 90 90 90 90 90 f3 0f 1e fa 0f 1f 44 00 00 53 48 85 d2 0f 84 e9 00 00 00 48 8b 05 16 20 00 00 31 db 31 c9 <0f> b6 0c 0e 48 83 c3 01 48 83 c0 01 88 48 ff 48 63 cb 48 39 d1 72
[ 4556.802779] RSP: 0018:ffff9a90c3033d38 EFLAGS: 00010246
[ 4556.803731] RAX: ffffffffc2a187a0 RBX: 0000000000000000 RCX: 0000000000000000
[ 4556.804677] RDX: 0000000000000002 RSI: 0000653745e77c80 RDI: ffff89cb8a158a00
[ 4556.805629] RBP: 0000000000000000 R08: 0000000000000000 R09: 0000000000000000
[ 4556.806571] R10: 0000000000000000 R11: 0000000000000000 R12: ffff89cb8a158a00
[ 4556.807512] R13: 0000653745e77c80 R14: ffff9a90c3033de0 R15: ffff89cc06b96900
[ 4556.808457] FS:  0000721fe4801080(0000) GS:ffff89ce9f000000(0000) knlGS:0000000000000000
[ 4556.809420] CS:  0010 DS: 0000 ES: 0000 CR0: 0000000080050033
[ 4556.810372] CR2: 0000653745e77c80 CR3: 0000000171f24000 CR4: 00000000003506f0
[ 4556.811338] Call Trace:
[ 4556.812303]  <TASK>
[ 4556.813286]  ? __die_body.cold+0x19/0x27
[ 4556.814511]  ? page_fault_oops+0x15a/0x2b0
[ 4556.815803]  ? exc_page_fault+0x81/0x190
[ 4556.816846]  ? asm_exc_page_fault+0x26/0x30
[ 4556.817886]  ? ruben_write+0x1e/0x40 [ruben ed82862b0a3bdfefc87b300b506db5d35a8a3c43]
[ 4556.818970]  ? srso_return_thunk+0x5/0x5f
[ 4556.819960]  vfs_write+0xf8/0x460
[ 4556.820638]  ? do_wp_page+0xdf/0xb80
[ 4556.821221]  ? srso_return_thunk+0x5/0x5f
[ 4556.821781]  ? __x64_sys_fcntl+0x94/0xc0
[ 4556.822343]  ? srso_return_thunk+0x5/0x5f
[ 4556.822899]  ? __pte_offset_map+0x1b/0x180
[ 4556.823457]  ksys_write+0x6d/0xf0
[ 4556.824013]  do_syscall_64+0x83/0x190
[ 4556.824569]  ? srso_return_thunk+0x5/0x5f
[ 4556.825118]  ? __count_memcg_events+0x4d/0xb0
[ 4556.825671]  ? srso_return_thunk+0x5/0x5f
[ 4556.826219]  ? count_memcg_events.constprop.0+0x1a/0x30
[ 4556.826765]  ? srso_return_thunk+0x5/0x5f
[ 4556.827303]  ? handle_mm_fault+0x1f0/0x300
[ 4556.827839]  ? srso_return_thunk+0x5/0x5f
[ 4556.828365]  ? do_user_addr_fault+0x34e/0x620
[ 4556.828889]  ? srso_return_thunk+0x5/0x5f
[ 4556.829408]  ? srso_return_thunk+0x5/0x5f
[ 4556.829994]  entry_SYSCALL_64_after_hwframe+0x76/0x7e
[ 4556.830916] RIP: 0033:0x721fe490b504
[ 4556.831794] Code: c7 00 16 00 00 00 b8 ff ff ff ff c3 66 2e 0f 1f 84 00 00 00 00 00 f3 0f 1e fa 80 3d 45 0b 0e 00 00 74 13 b8 01 00 00 00 0f 05 <48> 3d 00 f0 ff ff 77 54 c3 0f 1f 00 55 48 89 e5 48 83 ec 20 48 89
[ 4556.833554] RSP: 002b:00007ffec276c8e8 EFLAGS: 00000202 ORIG_RAX: 0000000000000001
[ 4556.834646] RAX: ffffffffffffffda RBX: 0000000000000002 RCX: 0000721fe490b504
[ 4556.835701] RDX: 0000000000000002 RSI: 0000653745e77c80 RDI: 0000000000000001
[ 4556.836718] RBP: 00007ffec276c910 R08: 0000000000000000 R09: 0000000000000000
[ 4556.837715] R10: 0000721fe4b818e8 R11: 0000000000000202 R12: 0000000000000002
[ 4556.838700] R13: 0000653745e77c80 R14: 0000721fe49e55c0 R15: 0000721fe49e2f00
[ 4556.839702]  </TASK>
[ 4556.840681] Modules linked in: ruben(OE) ccm cmac algif_hash algif_skcipher af_alg uvcvideo videobuf2_vmalloc bnep uvc videobuf2_memops videobuf2_v4l2 videodev videobuf2_common mc btusb btrtl btintel btbcm btmtk bluetooth ecdh_generic snd_sof_amd_acp63 snd_sof_amd_vangogh snd_sof_amd_rembrandt snd_sof_amd_renoir snd_sof_amd_acp snd_sof_pci snd_sof_xtensa_dsp snd_sof snd_sof_utils snd_pci_ps intel_rapl_msr snd_amd_sdw_acpi amd_atl soundwire_amd soundwire_generic_allocation soundwire_bus intel_rapl_common snd_ctl_led wl(POE) ledtrig_audio snd_soc_core snd_hda_codec_realtek snd_compress snd_hda_codec_generic ac97_bus snd_hda_scodec_component snd_hda_codec_hdmi kvm_amd snd_pcm_dmaengine rtw88_8822ce snd_rpl_pci_acp6x snd_hda_intel rtw88_8822c snd_acp_pci snd_intel_dspcfg kvm rtw88_pci snd_intel_sdw_acpi snd_acp_legacy_common joydev snd_hda_codec rtw88_core crct10dif_pclmul mousedev snd_hda_core snd_pci_acp6x crc32_pclmul polyval_clmulni snd_hwdep mac80211 polyval_generic gf128mul ghash_clmulni_intel snd_pcm sha512_ssse3
[ 4556.840883]  hid_multitouch sha256_ssse3 snd_pci_acp5x libarc4 sha1_ssse3 snd_rn_pci_acp3x hid_generic aesni_intel snd_timer cfg80211 crypto_simd snd hp_wmi sp5100_tco snd_acp_config cryptd platform_profile snd_soc_acpi vfat rapl sparse_keymap wmi_bmof acpi_cpufreq k10temp snd_pci_acp3x ccp rfkill soundcore i2c_piix4 fat i2c_hid_acpi i2c_hid wireless_hotkey acpi_tad mac_hid vboxnetflt(OE) vboxnetadp(OE) vboxdrv(OE) i2c_dev crypto_user loop dm_mod nfnetlink ip_tables x_tables ext4 crc32c_generic crc16 mbcache jbd2 amdgpu amdxcp i2c_algo_bit drm_ttm_helper ttm drm_exec gpu_sched drm_suballoc_helper crc32c_intel drm_buddy nvme drm_display_helper xhci_pci nvme_core cec xhci_pci_renesas nvme_auth serio_raw atkbd libps2 vivaldi_fmap i8042 video serio wmi
[ 4556.848971] Unloaded tainted modules: ruben(OE):4 [last unloaded: ruben(OE)]
[ 4556.853777] CR2: 0000653745e77c80
[ 4556.854442] ---[ end trace 0000000000000000 ]---
[ 4556.855102] RIP: 0010:ruben_write+0x1e/0x40 [ruben]
[ 4556.855774] Code: 90 90 90 90 90 90 90 90 90 90 90 90 f3 0f 1e fa 0f 1f 44 00 00 53 48 85 d2 0f 84 e9 00 00 00 48 8b 05 16 20 00 00 31 db 31 c9 <0f> b6 0c 0e 48 83 c3 01 48 83 c0 01 88 48 ff 48 63 cb 48 39 d1 72
[ 4556.857155] RSP: 0018:ffff9a90c33f7c20 EFLAGS: 00010246
[ 4556.857859] RAX: ffffffffc2a187a0 RBX: 0000000000000000 RCX: 0000000000000000
[ 4556.858572] RDX: 0000000000000004 RSI: 0000636d28c71c80 RDI: ffff89cbbb38b700
[ 4556.859288] RBP: 0000000000000000 R08: 0000000000000000 R09: 0000000000000000
[ 4556.860002] R10: 0000000000000000 R11: 0000000000000000 R12: ffff89cbbb38b700
[ 4556.860712] R13: 0000636d28c71c80 R14: ffff9a90c33f7cc8 R15: ffff89cbd3552300
[ 4556.861421] FS:  0000721fe4801080(0000) GS:ffff89ce9f000000(0000) knlGS:0000000000000000
[ 4556.862135] CS:  0010 DS: 0000 ES: 0000 CR0: 0000000080050033
[ 4556.862866] CR2: 0000653745e77c80 CR3: 0000000171f24000 CR4: 00000000003506f0
[ 4556.863757] note: zsh[9809] exited with irqs disabled
[ 4556.866657] closed.
[ 5070.066621] major: 237, minor: 0
[ 5070.066750] device created successfully
[ 5098.196388] opened.
